Archive member included to satisfy reference by file (symbol)

c:/program files (x86)/microchip/xc32/v2.15/bin/bin/../../lib/gcc/pic32c/6.2.1/../../../../pic32c/lib\libpic32c.a(data_init.o)
                              build/sam_d21_xpro_winc1500/production/_ext/281389274/startup_xc32.o (__pic32c_data_initialization)
c:/program files (x86)/microchip/xc32/v2.15/bin/bin/../../lib/gcc/pic32c/6.2.1\libgcc.a(_udivsi3.o)
                              build/sam_d21_xpro_winc1500/production/_ext/98527899/plib_sercom0_spi.o (__aeabi_uidiv)
c:/program files (x86)/microchip/xc32/v2.15/bin/bin/../../lib/gcc/pic32c/6.2.1\libgcc.a(_divsi3.o)
                              build/sam_d21_xpro_winc1500/production/_ext/1751631207/sys_time.o (__aeabi_idiv)
c:/program files (x86)/microchip/xc32/v2.15/bin/bin/../../lib/gcc/pic32c/6.2.1\libgcc.a(_dvmd_tls.o)
                              c:/program files (x86)/microchip/xc32/v2.15/bin/bin/../../lib/gcc/pic32c/6.2.1\libgcc.a(_udivsi3.o) (__aeabi_idiv0)
c:/program files (x86)/microchip/xc32/v2.15/bin/bin/../../lib/gcc/pic32c/6.2.1\libgcc.a(_aeabi_uldivmod.o)
                              build/sam_d21_xpro_winc1500/production/_ext/1242531425/plib_sercom3_usart.o (__aeabi_uldivmod)
c:/program files (x86)/microchip/xc32/v2.15/bin/bin/../../lib/gcc/pic32c/6.2.1\libgcc.a(_muldi3.o)
                              build/sam_d21_xpro_winc1500/production/_ext/1242531425/plib_sercom3_usart.o (__aeabi_lmul)
c:/program files (x86)/microchip/xc32/v2.15/bin/bin/../../lib/gcc/pic32c/6.2.1\libgcc.a(_fixunsdfsi.o)
                              build/sam_d21_xpro_winc1500/production/_ext/1751631207/sys_time.o (__aeabi_d2uiz)
c:/program files (x86)/microchip/xc32/v2.15/bin/bin/../../lib/gcc/pic32c/6.2.1\libgcc.a(_udivmoddi4.o)
                              c:/program files (x86)/microchip/xc32/v2.15/bin/bin/../../lib/gcc/pic32c/6.2.1\libgcc.a(_aeabi_uldivmod.o) (__udivmoddi4)
c:/program files (x86)/microchip/xc32/v2.15/bin/bin/../../lib/gcc/pic32c/6.2.1\libgcc.a(mulsf3.o)
                              build/sam_d21_xpro_winc1500/production/_ext/1751631207/sys_time.o (__aeabi_fmul)
c:/program files (x86)/microchip/xc32/v2.15/bin/bin/../../lib/gcc/pic32c/6.2.1\libgcc.a(floatunsisf.o)
                              build/sam_d21_xpro_winc1500/production/_ext/1751631207/sys_time.o (__aeabi_ui2f)
c:/program files (x86)/microchip/xc32/v2.15/bin/bin/../../lib/gcc/pic32c/6.2.1\libgcc.a(divdf3.o)
                              build/sam_d21_xpro_winc1500/production/_ext/1751631207/sys_time.o (__aeabi_ddiv)
c:/program files (x86)/microchip/xc32/v2.15/bin/bin/../../lib/gcc/pic32c/6.2.1\libgcc.a(muldf3.o)
                              build/sam_d21_xpro_winc1500/production/_ext/1751631207/sys_time.o (__aeabi_dmul)
c:/program files (x86)/microchip/xc32/v2.15/bin/bin/../../lib/gcc/pic32c/6.2.1\libgcc.a(subdf3.o)
                              c:/program files (x86)/microchip/xc32/v2.15/bin/bin/../../lib/gcc/pic32c/6.2.1\libgcc.a(_fixunsdfsi.o) (__aeabi_dsub)
c:/program files (x86)/microchip/xc32/v2.15/bin/bin/../../lib/gcc/pic32c/6.2.1\libgcc.a(fixdfsi.o)
                              c:/program files (x86)/microchip/xc32/v2.15/bin/bin/../../lib/gcc/pic32c/6.2.1\libgcc.a(_fixunsdfsi.o) (__aeabi_d2iz)
c:/program files (x86)/microchip/xc32/v2.15/bin/bin/../../lib/gcc/pic32c/6.2.1\libgcc.a(floatunsidf.o)
                              build/sam_d21_xpro_winc1500/production/_ext/1751631207/sys_time.o (__aeabi_ui2d)
c:/program files (x86)/microchip/xc32/v2.15/bin/bin/../../lib/gcc/pic32c/6.2.1\libgcc.a(extendsfdf2.o)
                              build/sam_d21_xpro_winc1500/production/_ext/1751631207/sys_time.o (__aeabi_f2d)
c:/program files (x86)/microchip/xc32/v2.15/bin/bin/../../lib/gcc/pic32c/6.2.1\libgcc.a(_arm_cmpdf2.o)
                              c:/program files (x86)/microchip/xc32/v2.15/bin/bin/../../lib/gcc/pic32c/6.2.1\libgcc.a(_fixunsdfsi.o) (__aeabi_dcmpge)
c:/program files (x86)/microchip/xc32/v2.15/bin/bin/../../lib/gcc/pic32c/6.2.1\libgcc.a(_clzsi2.o)
                              c:/program files (x86)/microchip/xc32/v2.15/bin/bin/../../lib/gcc/pic32c/6.2.1\libgcc.a(mulsf3.o) (__clzsi2)
c:/program files (x86)/microchip/xc32/v2.15/bin/bin/../../lib/gcc/pic32c/6.2.1\libgcc.a(_clzdi2.o)
                              c:/program files (x86)/microchip/xc32/v2.15/bin/bin/../../lib/gcc/pic32c/6.2.1\libgcc.a(_udivmoddi4.o) (__clzdi2)
c:/program files (x86)/microchip/xc32/v2.15/bin/bin/../../lib/gcc/pic32c/6.2.1\libgcc.a(eqdf2.o)
                              c:/program files (x86)/microchip/xc32/v2.15/bin/bin/../../lib/gcc/pic32c/6.2.1\libgcc.a(_arm_cmpdf2.o) (__eqdf2)
c:/program files (x86)/microchip/xc32/v2.15/bin/bin/../../lib/gcc/pic32c/6.2.1\libgcc.a(gedf2.o)
                              c:/program files (x86)/microchip/xc32/v2.15/bin/bin/../../lib/gcc/pic32c/6.2.1\libgcc.a(_arm_cmpdf2.o) (__gedf2)
[...]
Memory Configuration

Name             Origin             Length             Attributes
rom              0x00000000         0x00040000         xr
ram              0x20000000         0x00008000         xrw
*default*        0x00000000         0xffffffff
dtcm             0x00000000         0xffffffff
itcm             0x00000000         0xffffffff
tcm              0x00000000         0xffffffff

Linker script and memory map

LOAD c:/program files (x86)/microchip/xc32/v2.15/bin/bin/../../lib/gcc/pic32c/6.2.1/crti.o
LOAD c:/program files (x86)/microchip/xc32/v2.15/bin/bin/../../lib/gcc/pic32c/6.2.1/crtbegin.o
LOAD c:/program files (x86)/microchip/xc32/v2.15/bin/bin/../../lib/gcc/pic32c/6.2.1/../../../../pic32c/lib/crt0.o
LOAD build/sam_d21_xpro_winc1500/production/_ext/1242531425/plib_sercom3_usart.o
LOAD build/sam_d21_xpro_winc1500/production/_ext/1910849038/plib_evsys.o
LOAD build/sam_d21_xpro_winc1500/production/_ext/98527899/plib_sercom0_spi.o
LOAD build/sam_d21_xpro_winc1500/production/_ext/2003669979/wdrv_winc.o
LOAD build/sam_d21_xpro_winc1500/production/_ext/2003669979/wdrv_winc_assoc.o
LOAD build/sam_d21_xpro_winc1500/production/_ext/2003669979/wdrv_winc_authctx.o
LOAD build/sam_d21_xpro_winc1500/production/_ext/2003669979/wdrv_winc_bssctx.o
LOAD build/sam_d21_xpro_winc1500/production/_ext/2003669979/wdrv_winc_bssfind.o
LOAD build/sam_d21_xpro_winc1500/production/_ext/2003669979/wdrv_winc_custie.o
LOAD build/sam_d21_xpro_winc1500/production/_ext/2003669979/wdrv_winc_host_file.o
LOAD build/sam_d21_xpro_winc1500/production/_ext/2003669979/wdrv_winc_httpprovctx.o
LOAD build/sam_d21_xpro_winc1500/production/_ext/2003669979/wdrv_winc_nvm.o
LOAD build/sam_d21_xpro_winc1500/production/_ext/2003669979/wdrv_winc_powersave.o
LOAD build/sam_d21_xpro_winc1500/production/_ext/2003669979/wdrv_winc_socket.o
LOAD build/sam_d21_xpro_winc1500/production/_ext/2003669979/wdrv_winc_softap.o
LOAD build/sam_d21_xpro_winc1500/production/_ext/2003669979/wdrv_winc_ssl.o
LOAD build/sam_d21_xpro_winc1500/production/_ext/2003669979/wdrv_winc_sta.o
LOAD build/sam_d21_xpro_winc1500/production/_ext/2003669979/wdrv_winc_systime.o
LOAD build/sam_d21_xpro_winc1500/production/_ext/2003669979/wdrv_winc_wps.o
LOAD build/sam_d21_xpro_winc1500/production/_ext/1115528141/wdrv_winc_eint.o
LOAD build/sam_d21_xpro_winc1500/production/_ext/1115528141/wdrv_winc_gpio.o
LOAD build/sam_d21_xpro_winc1500/production/_ext/1837088568/wdrv_winc_spi.o
LOAD build/sam_d21_xpro_winc1500/production/_ext/1879120711/wdrv_winc_osal.o
LOAD build/sam_d21_xpro_winc1500/production/_ext/418110372/nm_common.o
LOAD build/sam_d21_xpro_winc1500/production/_ext/386821479/m2m_hif.o
LOAD build/sam_d21_xpro_winc1500/production/_ext/386821479/m2m_periph.o
LOAD build/sam_d21_xpro_winc1500/production/_ext/386821479/m2m_wifi.o
LOAD build/sam_d21_xpro_winc1500/production/_ext/386821479/nmasic.o
LOAD build/sam_d21_xpro_winc1500/production/_ext/386821479/nmbus.o
LOAD build/sam_d21_xpro_winc1500/production/_ext/386821479/nmdrv.o
LOAD build/sam_d21_xpro_winc1500/production/_ext/386821479/nmspi.o
LOAD build/sam_d21_xpro_winc1500/production/_ext/1591721076/spi_flash.o
LOAD build/sam_d21_xpro_winc1500/production/_ext/1591721076/flexible_flash.o
LOAD build/sam_d21_xpro_winc1500/production/_ext/386821479/m2m_ota.o
LOAD build/sam_d21_xpro_winc1500/production/_ext/386821479/m2m_ssl.o
LOAD build/sam_d21_xpro_winc1500/production/_ext/39655908/socket.o
LOAD build/sam_d21_xpro_winc1500/production/_ext/39655908/inet_ntop.o
LOAD build/sam_d21_xpro_winc1500/production/_ext/39655908/inet_addr.o
LOAD build/sam_d21_xpro_winc1500/production/_ext/1360937237/main.o
LOAD build/sam_d21_xpro_winc1500/production/_ext/281389274/initialization.o
LOAD build/sam_d21_xpro_winc1500/production/_ext/281389274/interrupts.o
LOAD build/sam_d21_xpro_winc1500/production/_ext/281389274/exceptions.o
LOAD build/sam_d21_xpro_winc1500/production/_ext/1966573984/xc32_monitor.o
LOAD build/sam_d21_xpro_winc1500/production/_ext/215775307/plib_port.o
LOAD build/sam_d21_xpro_winc1500/production/_ext/1912998524/plib_clock.o
LOAD build/sam_d21_xpro_winc1500/production/_ext/215722156/plib_nvic.o
LOAD build/sam_d21_xpro_winc1500/production/_ext/215415349/plib_dmac.o
LOAD build/sam_d21_xpro_winc1500/production/_ext/281389274/startup_xc32.o
LOAD build/sam_d21_xpro_winc1500/production/_ext/281389274/libc_syscalls.o
LOAD build/sam_d21_xpro_winc1500/production/_ext/1101428939/plib_eic.o
LOAD build/sam_d21_xpro_winc1500/production/_ext/1143908167/plib_tc3.o
LOAD build/sam_d21_xpro_winc1500/production/_ext/1751631207/sys_time.o
LOAD build/sam_d21_xpro_winc1500/production/_ext/2114417963/sys_console.o
LOAD build/sam_d21_xpro_winc1500/production/_ext/2114417963/sys_console_uart.o
LOAD build/sam_d21_xpro_winc1500/production/_ext/2114417963/sys_debug.o
LOAD build/sam_d21_xpro_winc1500/production/_ext/1062439459/drv_spi.o
LOAD build/sam_d21_xpro_winc1500/production/_ext/720072173/sys_int.o
LOAD build/sam_d21_xpro_winc1500/production/_ext/676678561/sys_dma.o
LOAD build/sam_d21_xpro_winc1500/production/_ext/1360937237/app.o
LOAD build/sam_d21_xpro_winc1500/production/_ext/281389274/tasks.o
                0x00000001                __MPLAB_BUILD = 0x1
                0x00002710                _min_heap_size = 0x2710
START GROUP
LOAD c:/program files (x86)/microchip/xc32/v2.15/bin/bin/../../lib/gcc/pic32c/6.2.1/../../../../pic32c/lib\libpic32c.a
LOAD c:/program files (x86)/microchip/xc32/v2.15/bin/bin/../../lib/gcc/pic32c/6.2.1\libgcc.a
LOAD c:/program files (x86)/microchip/xc32/v2.15/bin/bin/../../lib/gcc/pic32c/6.2.1/../../../../pic32c/lib\libc.a
LOAD c:/program files (x86)/microchip/xc32/v2.15/bin/bin/../../lib/gcc/pic32c/6.2.1/../../../../pic32c/lib\libm.a
END GROUP
LOAD c:/program files (x86)/microchip/xc32/v2.15/bin/bin/../../lib/gcc/pic32c/6.2.1/crtend.o
LOAD c:/program files (x86)/microchip/xc32/v2.15/bin/bin/../../lib/gcc/pic32c/6.2.1/crtn.o
                0x00040000                __rom_end = (ORIGIN (rom) + LENGTH (rom))
                0x20008000                __ram_end = (ORIGIN (ram) + LENGTH (ram))

.vectors        0x00000000       0xb0
                0x00000000                . = ALIGN (0x4)
                0x00000000                _sfixed = .
 *(.vectors .vectors.* .vectors_default .vectors_default.*)
 .vectors       0x00000000       0xb0 build/sam_d21_xpro_winc1500/production/_ext/281389274/interrupts.o
                0x00000000                exception_table
 *(.isr_vector)
 *(.reset*)
 *(.after_vectors)

.text           0x000000b0       0x24
                0x000000b0                . = ALIGN (0x4)
 *(.glue_7t)
 .glue_7t       0x000000b0        0x0 linker stubs
 *(.glue_7)
 .glue_7        0x000000b0        0x0 linker stubs
 *(.gnu.linkonce.r.*)
 *(.ARM.extab* .gnu.linkonce.armextab.*)
                0x000000b0                . = ALIGN (0x4)
 *(.init)
 .init          0x000000b0        0x4 c:/program files (x86)/microchip/xc32/v2.15/bin/bin/../../lib/gcc/pic32c/6.2.1/crti.o
                0x000000b0                _init
 .init          0x000000b4        0x8 c:/program files (x86)/microchip/xc32/v2.15/bin/bin/../../lib/gcc/pic32c/6.2.1/crtn.o
                0x000000bc                . = ALIGN (0x4)
                0x000000bc                __preinit_array_start = .
 *(.preinit_array)
                0x000000bc                __preinit_array_end = .
                0x000000bc                . = ALIGN (0x4)
                0x000000bc                __init_array_start = .
 *(SORT(.init_array.*))
 .init_array.00000
                0x000000bc        0x4 c:/program files (x86)/microchip/xc32/v2.15/bin/bin/../../lib/gcc/pic32c/6.2.1/../../../../pic32c/lib\libc.a(lib_a-__call_atexit.o)
 *(.init_array)
 .init_array    0x000000c0        0x4 c:/program files (x86)/microchip/xc32/v2.15/bin/bin/../../lib/gcc/pic32c/6.2.1/crtbegin.o
                0x000000c4                __init_array_end = .
                0x000000c4                . = ALIGN (0x4)
 *crtbegin.o(.ctors)
 *(EXCLUDE_FILE(*crtend.o) .ctors)
 *(SORT(.ctors.*))
 *crtend.o(.ctors)
                0x000000c4                . = ALIGN (0x4)
 *(.fini)
 .fini          0x000000c4        0x4 c:/program files (x86)/microchip/xc32/v2.15/bin/bin/../../lib/gcc/pic32c/6.2.1/crti.o
                0x000000c4                _fini
 .fini          0x000000c8        0x8 c:/program files (x86)/microchip/xc32/v2.15/bin/bin/../../lib/gcc/pic32c/6.2.1/crtn.o
                0x000000d0                . = ALIGN (0x4)
                0x000000d0                __fini_array_start = .
 *(.fini_array)
 .fini_array    0x000000d0        0x4 c:/program files (x86)/microchip/xc32/v2.15/bin/bin/../../lib/gcc/pic32c/6.2.1/crtbegin.o
 *(SORT(.fini_array.*))
                0x000000d4                __fini_array_end = .
 *crtbegin.o(.dtors)
 *(EXCLUDE_FILE(*crtend.o) .dtors)
 *(SORT(.dtors.*))
 *crtend.o(.dtors)
                0x000000d4                . = ALIGN (0x4)
                0x000000d4                _efixed = .
                [!provide]                PROVIDE (__exidx_start, .)

.ARM.exidx      0x000000d4        0x8
 *(.ARM.exidx* .gnu.linkonce.armexidx.*)
 .ARM.exidx     0x000000d4        0x8 c:/program files (x86)/microchip/xc32/v2.15/bin/bin/../../lib/gcc/pic32c/6.2.1\libgcc.a(_udivmoddi4.o)
                [!provide]                PROVIDE (__exidx_end, .)
                0x000000dc                . = ALIGN (0x4)
                0x000000dc                _etext = .

.bss            0x20000000      0x254
                0x20000000                . = ALIGN (0x4)
                0x20000000                __bss_start__ = .
                0x20000000                _sbss = .
                0x20000000                _szero = .
 *(COMMON)
 COMMON         0x20000000       0x30 build/sam_d21_xpro_winc1500/production/_ext/1242531425/plib_sercom3_usart.o
                0x20000000                sercom3USARTObj
 COMMON         0x20000030       0x2c build/sam_d21_xpro_winc1500/production/_ext/98527899/plib_sercom0_spi.o
                0x20000030                sercom0SPIObj
 COMMON         0x2000005c        0x4 build/sam_d21_xpro_winc1500/production/_ext/2003669979/wdrv_winc.o
                0x2000005c                pfWINCDebugPrintCb
 COMMON         0x20000060       0x28 build/sam_d21_xpro_winc1500/production/_ext/386821479/m2m_hif.o
                0x20000060                gstrHifCxt
 COMMON         0x20000088       0xbc build/sam_d21_xpro_winc1500/production/_ext/39655908/socket.o
                0x20000088                gu16BufferSize
                0x2000008a                gsockerrno
                0x2000008b                gu8OpCode
                0x2000008c                gastrSockets
                0x2000013c                gpfAppSocketCb
                0x20000140                gpfAppResolveCb
 COMMON         0x20000144       0x14 build/sam_d21_xpro_winc1500/production/_ext/281389274/initialization.o
                0x20000144                sysObj
 COMMON         0x20000158       0x20 build/sam_d21_xpro_winc1500/production/_ext/215415349/plib_dmac.o
                0x20000158                dmacChannelObj
 COMMON         0x20000178       0xc0 build/sam_d21_xpro_winc1500/production/_ext/1101428939/plib_eic.o
                0x20000178                eicCallbackObject
 COMMON         0x20000238        0x8 build/sam_d21_xpro_winc1500/production/_ext/1143908167/plib_tc3.o
                0x20000238                TC3_CallbackObject
 COMMON         0x20000240        0x9 build/sam_d21_xpro_winc1500/production/_ext/2114417963/sys_debug.o
                0x20000240                sysDebugInstance
                0x20000248                gblErrLvl
 *fill*         0x20000249        0x3 
 COMMON         0x2000024c        0x1 build/sam_d21_xpro_winc1500/production/_ext/1360937237/app.o
                0x2000024c                appData
 *fill*         0x2000024d        0x3 
 COMMON         0x20000250        0x4 c:/program files (x86)/microchip/xc32/v2.15/bin/bin/../../lib/gcc/pic32c/6.2.1/../../../../pic32c/lib\libc.a(lib_a-reent.o)
                0x20000250                errno
                0x20000254                . = ALIGN (0x4)
                0x20000254                __bss_end__ = .
                0x20000254                _ebss = .
                0x20000254                _ezero = .
                0x20000254                . = ALIGN (0x4)
                0x20000254                _end = .
                0x20007fff                _ram_end_ = ((ORIGIN (ram) + LENGTH (ram)) - 0x1)
OUTPUT(dist/sam_d21_xpro_winc1500/production/weather_client_samd21_xpro_winc1500.X.production.elf elf32-littlearm)
LOAD stack
LOAD data_init

.ARM.attributes
                0x00000000       0x28
 .ARM.attributes
                0x00000000       0x1e c:/program files (x86)/microchip/xc32/v2.15/bin/bin/../../lib/gcc/pic32c/6.2.1/crti.o
 .ARM.attributes
                0x0000001e       0x2c c:/program files (x86)/microchip/xc32/v2.15/bin/bin/../../lib/gcc/pic32c/6.2.1/crtbegin.o
 .ARM.attributes
                0x0000004a       0x32 build/sam_d21_xpro_winc1500/production/_ext/1242531425/plib_sercom3_usart.o
 .ARM.attributes
                0x0000007c       0x32 build/sam_d21_xpro_winc1500/production/_ext/1910849038/plib_evsys.o
 .ARM.attributes
                0x000000ae       0x32 build/sam_d21_xpro_winc1500/production/_ext/98527899/plib_sercom0_spi.o
 .ARM.attributes
                0x000000e0       0x32 build/sam_d21_xpro_winc1500/production/_ext/2003669979/wdrv_winc.o
 .ARM.attributes
                0x00000112       0x32 build/sam_d21_xpro_winc1500/production/_ext/1115528141/wdrv_winc_gpio.o
 .ARM.attributes
                0x00000144       0x32 build/sam_d21_xpro_winc1500/production/_ext/1837088568/wdrv_winc_spi.o
 .ARM.attributes
                0x00000176       0x32 build/sam_d21_xpro_winc1500/production/_ext/1879120711/wdrv_winc_osal.o
 .ARM.attributes
                0x000001a8       0x32 build/sam_d21_xpro_winc1500/production/_ext/418110372/nm_common.o
 .ARM.attributes
                0x000001da       0x32 build/sam_d21_xpro_winc1500/production/_ext/386821479/m2m_hif.o
 .ARM.attributes
                0x0000020c       0x32 build/sam_d21_xpro_winc1500/production/_ext/386821479/m2m_wifi.o
 .ARM.attributes
                0x0000023e       0x32 build/sam_d21_xpro_winc1500/production/_ext/386821479/nmasic.o
 .ARM.attributes
                0x00000270       0x32 build/sam_d21_xpro_winc1500/production/_ext/386821479/nmbus.o
 .ARM.attributes
                0x000002a2       0x32 build/sam_d21_xpro_winc1500/production/_ext/386821479/nmdrv.o
 .ARM.attributes
                0x000002d4       0x32 build/sam_d21_xpro_winc1500/production/_ext/386821479/nmspi.o
 .ARM.attributes
                0x00000306       0x32 build/sam_d21_xpro_winc1500/production/_ext/1591721076/spi_flash.o
 .ARM.attributes
                0x00000338       0x32 build/sam_d21_xpro_winc1500/production/_ext/39655908/socket.o
 .ARM.attributes
                0x0000036a       0x32 build/sam_d21_xpro_winc1500/production/_ext/1360937237/main.o
 .ARM.attributes
                0x0000039c       0x32 build/sam_d21_xpro_winc1500/production/_ext/281389274/initialization.o
 .ARM.attributes
                0x000003ce       0x32 build/sam_d21_xpro_winc1500/production/_ext/281389274/interrupts.o
 .ARM.attributes
                0x00000400       0x32 build/sam_d21_xpro_winc1500/production/_ext/281389274/exceptions.o
 .ARM.attributes
                0x00000432       0x32 build/sam_d21_xpro_winc1500/production/_ext/215775307/plib_port.o
 .ARM.attributes
                0x00000464       0x32 build/sam_d21_xpro_winc1500/production/_ext/1912998524/plib_clock.o
 .ARM.attributes
                0x00000496       0x32 build/sam_d21_xpro_winc1500/production/_ext/215722156/plib_nvic.o
 .ARM.attributes
                0x000004c8       0x32 build/sam_d21_xpro_winc1500/production/_ext/215415349/plib_dmac.o
 .ARM.attributes
                0x000004fa       0x32 build/sam_d21_xpro_winc1500/production/_ext/281389274/startup_xc32.o
 .ARM.attributes
                0x0000052c       0x32 build/sam_d21_xpro_winc1500/production/_ext/1101428939/plib_eic.o
 .ARM.attributes
                0x0000055e       0x32 build/sam_d21_xpro_winc1500/production/_ext/1143908167/plib_tc3.o
 .ARM.attributes
                0x00000590       0x32 build/sam_d21_xpro_winc1500/production/_ext/1751631207/sys_time.o
 .ARM.attributes
                0x000005c2       0x32 build/sam_d21_xpro_winc1500/production/_ext/2114417963/sys_console.o
 .ARM.attributes
                0x000005f4       0x32 build/sam_d21_xpro_winc1500/production/_ext/2114417963/sys_console_uart.o
 .ARM.attributes
                0x00000626       0x32 build/sam_d21_xpro_winc1500/production/_ext/2114417963/sys_debug.o
 .ARM.attributes
                0x00000658       0x32 build/sam_d21_xpro_winc1500/production/_ext/1062439459/drv_spi.o
 .ARM.attributes
                0x0000068a       0x32 build/sam_d21_xpro_winc1500/production/_ext/720072173/sys_int.o
 .ARM.attributes
                0x000006bc       0x32 build/sam_d21_xpro_winc1500/production/_ext/676678561/sys_dma.o
 .ARM.attributes
                0x000006ee       0x32 build/sam_d21_xpro_winc1500/production/_ext/1360937237/app.o
 .ARM.attributes
                0x00000720       0x32 build/sam_d21_xpro_winc1500/production/_ext/281389274/tasks.o
 .ARM.attributes
                0x00000752       0x2c c:/program files (x86)/microchip/xc32/v2.15/bin/bin/../../lib/gcc/pic32c/6.2.1/../../../../pic32c/lib\libpic32c.a(data_init.o)
 .ARM.attributes
                0x0000077e       0x1e c:/program files (x86)/microchip/xc32/v2.15/bin/bin/../../lib/gcc/pic32c/6.2.1\libgcc.a(_udivsi3.o)
 .ARM.attributes
                0x0000079c       0x1e c:/program files (x86)/microchip/xc32/v2.15/bin/bin/../../lib/gcc/pic32c/6.2.1\libgcc.a(_divsi3.o)
 .ARM.attributes
                0x000007ba       0x1e c:/program files (x86)/microchip/xc32/v2.15/bin/bin/../../lib/gcc/pic32c/6.2.1\libgcc.a(_dvmd_tls.o)
 .ARM.attributes
                0x000007d8       0x1e c:/program files (x86)/microchip/xc32/v2.15/bin/bin/../../lib/gcc/pic32c/6.2.1\libgcc.a(_aeabi_uldivmod.o)
 .ARM.attributes
                0x000007f6       0x2c c:/program files (x86)/microchip/xc32/v2.15/bin/bin/../../lib/gcc/pic32c/6.2.1\libgcc.a(_fixunsdfsi.o)
 .ARM.attributes
                0x00000822       0x2c c:/program files (x86)/microchip/xc32/v2.15/bin/bin/../../lib/gcc/pic32c/6.2.1\libgcc.a(_udivmoddi4.o)
 .ARM.attributes
                0x0000084e       0x2c c:/program files (x86)/microchip/xc32/v2.15/bin/bin/../../lib/gcc/pic32c/6.2.1\libgcc.a(mulsf3.o)
 .ARM.attributes
                0x0000087a       0x2c c:/program files (x86)/microchip/xc32/v2.15/bin/bin/../../lib/gcc/pic32c/6.2.1\libgcc.a(floatunsisf.o)
 .ARM.attributes
                0x000008a6       0x2c c:/program files (x86)/microchip/xc32/v2.15/bin/bin/../../lib/gcc/pic32c/6.2.1\libgcc.a(divdf3.o)
 .ARM.attributes
                0x000008d2       0x2c c:/program files (x86)/microchip/xc32/v2.15/bin/bin/../../lib/gcc/pic32c/6.2.1\libgcc.a(muldf3.o)
 .ARM.attributes
                0x000008fe       0x2c c:/program files (x86)/microchip/xc32/v2.15/bin/bin/../../lib/gcc/pic32c/6.2.1\libgcc.a(subdf3.o)
 .ARM.attributes
                0x0000092a       0x2c c:/program files (x86)/microchip/xc32/v2.15/bin/bin/../../lib/gcc/pic32c/6.2.1\libgcc.a(fixdfsi.o)
 .ARM.attributes
                0x00000956       0x2c c:/program files (x86)/microchip/xc32/v2.15/bin/bin/../../lib/gcc/pic32c/6.2.1\libgcc.a(floatunsidf.o)
 .ARM.attributes
                0x00000982       0x2c c:/program files (x86)/microchip/xc32/v2.15/bin/bin/../../lib/gcc/pic32c/6.2.1\libgcc.a(extendsfdf2.o)
 .ARM.attributes
                0x000009ae       0x1e c:/program files (x86)/microchip/xc32/v2.15/bin/bin/../../lib/gcc/pic32c/6.2.1\libgcc.a(_arm_cmpdf2.o)
 .ARM.attributes
                0x000009cc       0x1e c:/program files (x86)/microchip/xc32/v2.15/bin/bin/../../lib/gcc/pic32c/6.2.1\libgcc.a(_clzsi2.o)
 .ARM.attributes
                0x000009ea       0x1e c:/program files (x86)/microchip/xc32/v2.15/bin/bin/../../lib/gcc/pic32c/6.2.1\libgcc.a(_clzdi2.o)
 .ARM.attributes
                0x00000a08       0x2c c:/program files (x86)/microchip/xc32/v2.15/bin/bin/../../lib/gcc/pic32c/6.2.1\libgcc.a(eqdf2.o)
 .ARM.attributes
                0x00000a34       0x2c c:/program files (x86)/microchip/xc32/v2.15/bin/bin/../../lib/gcc/pic32c/6.2.1\libgcc.a(gedf2.o)
 .ARM.attributes
                0x00000a60       0x2c c:/program files (x86)/microchip/xc32/v2.15/bin/bin/../../lib/gcc/pic32c/6.2.1\libgcc.a(ledf2.o)
 .ARM.attributes
                0x00000a8c       0x2c c:/program files (x86)/microchip/xc32/v2.15/bin/bin/../../lib/gcc/pic32c/6.2.1/../../../../pic32c/lib\libc.a(lib_a-impure.o)
 .ARM.attributes
                0x00000ab8       0x2c c:/program files (x86)/microchip/xc32/v2.15/bin/bin/../../lib/gcc/pic32c/6.2.1/../../../../pic32c/lib\libc.a(lib_a-init.o)
 .ARM.attributes
                0x00000ae4       0x2c c:/program files (x86)/microchip/xc32/v2.15/bin/bin/../../lib/gcc/pic32c/6.2.1/../../../../pic32c/lib\libc.a(lib_a-malloc.o)
 .ARM.attributes
                0x00000b10       0x2c c:/program files (x86)/microchip/xc32/v2.15/bin/bin/../../lib/gcc/pic32c/6.2.1/../../../../pic32c/lib\libc.a(lib_a-mallocr.o)
 .ARM.attributes
                0x00000b3c       0x2c c:/program files (x86)/microchip/xc32/v2.15/bin/bin/../../lib/gcc/pic32c/6.2.1/../../../../pic32c/lib\libc.a(lib_a-memcpy-stub.o)
 .ARM.attributes
                0x00000b68       0x2c c:/program files (x86)/microchip/xc32/v2.15/bin/bin/../../lib/gcc/pic32c/6.2.1/../../../../pic32c/lib\libc.a(lib_a-memset.o)
 .ARM.attributes
                0x00000b94       0x2c c:/program files (x86)/microchip/xc32/v2.15/bin/bin/../../lib/gcc/pic32c/6.2.1/../../../../pic32c/lib\libc.a(lib_a-mlock.o)
 .ARM.attributes
                0x00000bc0       0x2c c:/program files (x86)/microchip/xc32/v2.15/bin/bin/../../lib/gcc/pic32c/6.2.1/../../../../pic32c/lib\libc.a(lib_a-sbrkr.o)
 .ARM.attributes
                0x00000bec       0x2c c:/program files (x86)/microchip/xc32/v2.15/bin/bin/../../lib/gcc/pic32c/6.2.1/../../../../pic32c/lib\libc.a(lib_a-sprintf.o)
 .ARM.attributes
                0x00000c18       0x2c c:/program files (x86)/microchip/xc32/v2.15/bin/bin/../../lib/gcc/pic32c/6.2.1/../../../../pic32c/lib\libc.a(lib_a-strchr.o)
 .ARM.attributes
                0x00000c44       0x2c c:/program files (x86)/microchip/xc32/v2.15/bin/bin/../../lib/gcc/pic32c/6.2.1/../../../../pic32c/lib\libc.a(lib_a-strcpy.o)
 .ARM.attributes
                0x00000c70       0x2c c:/program files (x86)/microchip/xc32/v2.15/bin/bin/../../lib/gcc/pic32c/6.2.1/../../../../pic32c/lib\libc.a(lib_a-strlen-stub.o)
 .ARM.attributes
                0x00000c9c       0x2c c:/program files (x86)/microchip/xc32/v2.15/bin/bin/../../lib/gcc/pic32c/6.2.1/../../../../pic32c/lib\libc.a(lib_a-strstr.o)
 .ARM.attributes
                0x00000cc8       0x2c c:/program files (x86)/microchip/xc32/v2.15/bin/bin/../../lib/gcc/pic32c/6.2.1/../../../../pic32c/lib\libc.a(lib_a-svfprintf.o)
 .ARM.attributes
                0x00000cf4       0x2c c:/program files (x86)/microchip/xc32/v2.15/bin/bin/../../lib/gcc/pic32c/6.2.1/../../../../pic32c/lib\libc.a(lib_a-vsnprintf.o)
 .ARM.attributes
                0x00000d20       0x2c c:/program files (x86)/microchip/xc32/v2.15/bin/bin/../../lib/gcc/pic32c/6.2.1/../../../../pic32c/lib\libc.a(lib_a-__call_atexit.o)
 .ARM.attributes
                0x00000d4c       0x2c c:/program files (x86)/microchip/xc32/v2.15/bin/bin/../../lib/gcc/pic32c/6.2.1/../../../../pic32c/lib\libc.a(lib_a-atexit.o)
 .ARM.attributes
                0x00000d78       0x2c c:/program files (x86)/microchip/xc32/v2.15/bin/bin/../../lib/gcc/pic32c/6.2.1/../../../../pic32c/lib\libc.a(lib_a-dtoa.o)
 .ARM.attributes
                0x00000da4       0x2c c:/program files (x86)/microchip/xc32/v2.15/bin/bin/../../lib/gcc/pic32c/6.2.1/../../../../pic32c/lib\libc.a(lib_a-fini.o)
 .ARM.attributes
                0x00000dd0       0x2c c:/program files (x86)/microchip/xc32/v2.15/bin/bin/../../lib/gcc/pic32c/6.2.1/../../../../pic32c/lib\libc.a(lib_a-freer.o)
 .ARM.attributes
                0x00000dfc       0x2c c:/program files (x86)/microchip/xc32/v2.15/bin/bin/../../lib/gcc/pic32c/6.2.1/../../../../pic32c/lib\libc.a(lib_a-localeconv.o)
 .ARM.attributes
                0x00000e28       0x2c c:/program files (x86)/microchip/xc32/v2.15/bin/bin/../../lib/gcc/pic32c/6.2.1/../../../../pic32c/lib\libc.a(lib_a-memchr-stub.o)
 .ARM.attributes
                0x00000e54       0x2c c:/program files (x86)/microchip/xc32/v2.15/bin/bin/../../lib/gcc/pic32c/6.2.1/../../../../pic32c/lib\libc.a(lib_a-memcmp.o)
 .ARM.attributes
                0x00000e80       0x2c c:/program files (x86)/microchip/xc32/v2.15/bin/bin/../../lib/gcc/pic32c/6.2.1/../../../../pic32c/lib\libc.a(lib_a-mprec.o)
 .ARM.attributes
                0x00000eac       0x2c c:/program files (x86)/microchip/xc32/v2.15/bin/bin/../../lib/gcc/pic32c/6.2.1/../../../../pic32c/lib\libc.a(lib_a-reent.o)
 .ARM.attributes
                0x00000ed8       0x2c c:/program files (x86)/microchip/xc32/v2.15/bin/bin/../../lib/gcc/pic32c/6.2.1/../../../../pic32c/lib\libc.a(lib_a-s_frexp.o)
 .ARM.attributes
                0x00000f04       0x2c c:/program files (x86)/microchip/xc32/v2.15/bin/bin/../../lib/gcc/pic32c/6.2.1/../../../../pic32c/lib\libc.a(lib_a-strncpy.o)
 .ARM.attributes
                0x00000f30       0x2c c:/program files (x86)/microchip/xc32/v2.15/bin/bin/../../lib/gcc/pic32c/6.2.1/../../../../pic32c/lib\libc.a(lib_a-svfiprintf.o)
 .ARM.attributes
                0x00000f5c       0x2c c:/program files (x86)/microchip/xc32/v2.15/bin/bin/../../lib/gcc/pic32c/6.2.1/../../../../pic32c/lib\libc.a(lib_a-__atexit.o)
 .ARM.attributes
                0x00000f88       0x2c c:/program files (x86)/microchip/xc32/v2.15/bin/bin/../../lib/gcc/pic32c/6.2.1/../../../../pic32c/lib\libc.a(lib_a-callocr.o)
 .ARM.attributes
                0x00000fb4       0x2c c:/program files (x86)/microchip/xc32/v2.15/bin/bin/../../lib/gcc/pic32c/6.2.1/../../../../pic32c/lib\libc.a(lib_a-locale.o)
 .ARM.attributes
                0x00000fe0       0x2c c:/program files (x86)/microchip/xc32/v2.15/bin/bin/../../lib/gcc/pic32c/6.2.1/../../../../pic32c/lib\libc.a(lib_a-mbtowc_r.o)
 .ARM.attributes
                0x0000100c       0x2c c:/program files (x86)/microchip/xc32/v2.15/bin/bin/../../lib/gcc/pic32c/6.2.1/../../../../pic32c/lib\libc.a(lib_a-memmove.o)
 .ARM.attributes
                0x00001038       0x2c c:/program files (x86)/microchip/xc32/v2.15/bin/bin/../../lib/gcc/pic32c/6.2.1/../../../../pic32c/lib\libc.a(lib_a-reallocr.o)
 .ARM.attributes
                0x00001064       0x2c c:/program files (x86)/microchip/xc32/v2.15/bin/bin/../../lib/gcc/pic32c/6.2.1/../../../../pic32c/lib\libc.a(lib_a-wctomb_r.o)
 .ARM.attributes
                0x00001090       0x2c c:/program files (x86)/microchip/xc32/v2.15/bin/bin/../../lib/gcc/pic32c/6.2.1/../../../../pic32c/lib\libc.a(lib_a-ctype_.o)
 .ARM.attributes
                0x000010bc       0x2c c:/program files (x86)/microchip/xc32/v2.15/bin/bin/../../lib/gcc/pic32c/6.2.1/../../../../pic32c/lib\libpic32c.a(sbrk.o)
 .ARM.attributes
                0x000010e8       0x2c c:/program files (x86)/microchip/xc32/v2.15/bin/bin/../../lib/gcc/pic32c/6.2.1\libgcc.a(adddf3.o)
 .ARM.attributes
                0x00001114       0x2c c:/program files (x86)/microchip/xc32/v2.15/bin/bin/../../lib/gcc/pic32c/6.2.1\libgcc.a(unorddf2.o)
 .ARM.attributes
                0x00001140       0x2c c:/program files (x86)/microchip/xc32/v2.15/bin/bin/../../lib/gcc/pic32c/6.2.1\libgcc.a(floatsidf.o)
 .ARM.attributes
                0x0000116c       0x1e c:/program files (x86)/microchip/xc32/v2.15/bin/bin/../../lib/gcc/pic32c/6.2.1/crtn.o

.comment        0x00000000       0x3c
 .comment       0x00000000       0x3c c:/program files (x86)/microchip/xc32/v2.15/bin/bin/../../lib/gcc/pic32c/6.2.1/crtbegin.o
                                 0x3d (size before relaxing)
 .comment       0x0000003c       0x3d build/sam_d21_xpro_winc1500/production/_ext/1242531425/plib_sercom3_usart.o
 .comment       0x0000003c       0x3d build/sam_d21_xpro_winc1500/production/_ext/1910849038/plib_evsys.o
 .comment       0x0000003c       0x3d build/sam_d21_xpro_winc1500/production/_ext/98527899/plib_sercom0_spi.o
 .comment       0x0000003c       0x3d build/sam_d21_xpro_winc1500/production/_ext/2003669979/wdrv_winc.o
 .comment       0x0000003c       0x3d build/sam_d21_xpro_winc1500/production/_ext/1115528141/wdrv_winc_gpio.o
 .comment       0x0000003c       0x3d build/sam_d21_xpro_winc1500/production/_ext/1837088568/wdrv_winc_spi.o
 .comment       0x0000003c       0x3d build/sam_d21_xpro_winc1500/production/_ext/1879120711/wdrv_winc_osal.o
 .comment       0x0000003c       0x3d build/sam_d21_xpro_winc1500/production/_ext/418110372/nm_common.o
 .comment       0x0000003c       0x3d build/sam_d21_xpro_winc1500/production/_ext/386821479/m2m_hif.o
 .comment       0x0000003c       0x3d build/sam_d21_xpro_winc1500/production/_ext/386821479/m2m_wifi.o
 .comment       0x0000003c       0x3d build/sam_d21_xpro_winc1500/production/_ext/386821479/nmasic.o
 .comment       0x0000003c       0x3d build/sam_d21_xpro_winc1500/production/_ext/386821479/nmbus.o
 .comment       0x0000003c       0x3d build/sam_d21_xpro_winc1500/production/_ext/386821479/nmdrv.o
 .comment       0x0000003c       0x3d build/sam_d21_xpro_winc1500/production/_ext/386821479/nmspi.o
 .comment       0x0000003c       0x3d build/sam_d21_xpro_winc1500/production/_ext/1591721076/spi_flash.o
 .comment       0x0000003c       0x3d build/sam_d21_xpro_winc1500/production/_ext/39655908/socket.o
 .comment       0x0000003c       0x3d build/sam_d21_xpro_winc1500/production/_ext/1360937237/main.o
 .comment       0x0000003c       0x3d build/sam_d21_xpro_winc1500/production/_ext/281389274/initialization.o
 .comment       0x0000003c       0x3d build/sam_d21_xpro_winc1500/production/_ext/281389274/interrupts.o
 .comment       0x0000003c       0x3d build/sam_d21_xpro_winc1500/production/_ext/281389274/exceptions.o
 .comment       0x0000003c       0x3d build/sam_d21_xpro_winc1500/production/_ext/215775307/plib_port.o
 .comment       0x0000003c       0x3d build/sam_d21_xpro_winc1500/production/_ext/1912998524/plib_clock.o
 .comment       0x0000003c       0x3d build/sam_d21_xpro_winc1500/production/_ext/215722156/plib_nvic.o
 .comment       0x0000003c       0x3d build/sam_d21_xpro_winc1500/production/_ext/215415349/plib_dmac.o
 .comment       0x0000003c       0x3d build/sam_d21_xpro_winc1500/production/_ext/281389274/startup_xc32.o
 .comment       0x0000003c       0x3d build/sam_d21_xpro_winc1500/production/_ext/1101428939/plib_eic.o
 .comment       0x0000003c       0x3d build/sam_d21_xpro_winc1500/production/_ext/1143908167/plib_tc3.o
 .comment       0x0000003c       0x3d build/sam_d21_xpro_winc1500/production/_ext/1751631207/sys_time.o
 .comment       0x0000003c       0x3d build/sam_d21_xpro_winc1500/production/_ext/2114417963/sys_console.o
 .comment       0x0000003c       0x3d build/sam_d21_xpro_winc1500/production/_ext/2114417963/sys_console_uart.o
 .comment       0x0000003c       0x3d build/sam_d21_xpro_winc1500/production/_ext/2114417963/sys_debug.o
 .comment       0x0000003c       0x3d build/sam_d21_xpro_winc1500/production/_ext/1062439459/drv_spi.o
 .comment       0x0000003c       0x3d build/sam_d21_xpro_winc1500/production/_ext/720072173/sys_int.o
 .comment       0x0000003c       0x3d build/sam_d21_xpro_winc1500/production/_ext/676678561/sys_dma.o
 .comment       0x0000003c       0x3d build/sam_d21_xpro_winc1500/production/_ext/1360937237/app.o
 .comment       0x0000003c       0x3d build/sam_d21_xpro_winc1500/production/_ext/281389274/tasks.o
 .comment       0x0000003c       0x3d c:/program files (x86)/microchip/xc32/v2.15/bin/bin/../../lib/gcc/pic32c/6.2.1/../../../../pic32c/lib\libpic32c.a(data_init.o)
 .comment       0x0000003c       0x3d c:/program files (x86)/microchip/xc32/v2.15/bin/bin/../../lib/gcc/pic32c/6.2.1\libgcc.a(_fixunsdfsi.o)
 .comment       0x0000003c       0x3d c:/program files (x86)/microchip/xc32/v2.15/bin/bin/../../lib/gcc/pic32c/6.2.1\libgcc.a(_udivmoddi4.o)
 .comment       0x0000003c       0x3d c:/program files (x86)/microchip/xc32/v2.15/bin/bin/../../lib/gcc/pic32c/6.2.1\libgcc.a(mulsf3.o)
 .comment       0x0000003c       0x3d c:/program files (x86)/microchip/xc32/v2.15/bin/bin/../../lib/gcc/pic32c/6.2.1\libgcc.a(floatunsisf.o)
 .comment       0x0000003c       0x3d c:/program files (x86)/microchip/xc32/v2.15/bin/bin/../../lib/gcc/pic32c/6.2.1\libgcc.a(divdf3.o)
 .comment       0x0000003c       0x3d c:/program files (x86)/microchip/xc32/v2.15/bin/bin/../../lib/gcc/pic32c/6.2.1\libgcc.a(muldf3.o)
 .comment       0x0000003c       0x3d c:/program files (x86)/microchip/xc32/v2.15/bin/bin/../../lib/gcc/pic32c/6.2.1\libgcc.a(subdf3.o)
 .comment       0x0000003c       0x3d c:/program files (x86)/microchip/xc32/v2.15/bin/bin/../../lib/gcc/pic32c/6.2.1\libgcc.a(fixdfsi.o)
 .comment       0x0000003c       0x3d c:/program files (x86)/microchip/xc32/v2.15/bin/bin/../../lib/gcc/pic32c/6.2.1\libgcc.a(floatunsidf.o)
 .comment       0x0000003c       0x3d c:/program files (x86)/microchip/xc32/v2.15/bin/bin/../../lib/gcc/pic32c/6.2.1\libgcc.a(extendsfdf2.o)
 .comment       0x0000003c       0x3d c:/program files (x86)/microchip/xc32/v2.15/bin/bin/../../lib/gcc/pic32c/6.2.1\libgcc.a(eqdf2.o)
 .comment       0x0000003c       0x3d c:/program files (x86)/microchip/xc32/v2.15/bin/bin/../../lib/gcc/pic32c/6.2.1\libgcc.a(gedf2.o)
 .comment       0x0000003c       0x3d c:/program files (x86)/microchip/xc32/v2.15/bin/bin/../../lib/gcc/pic32c/6.2.1\libgcc.a(ledf2.o)
 .comment       0x0000003c       0x3d c:/program files (x86)/microchip/xc32/v2.15/bin/bin/../../lib/gcc/pic32c/6.2.1/../../../../pic32c/lib\libc.a(lib_a-impure.o)
 .comment       0x0000003c       0x3d c:/program files (x86)/microchip/xc32/v2.15/bin/bin/../../lib/gcc/pic32c/6.2.1/../../../../pic32c/lib\libc.a(lib_a-init.o)
 .comment       0x0000003c       0x3d c:/program files (x86)/microchip/xc32/v2.15/bin/bin/../../lib/gcc/pic32c/6.2.1/../../../../pic32c/lib\libc.a(lib_a-malloc.o)
 .comment       0x0000003c       0x3d c:/program files (x86)/microchip/xc32/v2.15/bin/bin/../../lib/gcc/pic32c/6.2.1/../../../../pic32c/lib\libc.a(lib_a-mallocr.o)
 .comment       0x0000003c       0x3d c:/program files (x86)/microchip/xc32/v2.15/bin/bin/../../lib/gcc/pic32c/6.2.1/../../../../pic32c/lib\libc.a(lib_a-memcpy-stub.o)
 .comment       0x0000003c       0x3d c:/program files (x86)/microchip/xc32/v2.15/bin/bin/../../lib/gcc/pic32c/6.2.1/../../../../pic32c/lib\libc.a(lib_a-memset.o)
 .comment       0x0000003c       0x3d c:/program files (x86)/microchip/xc32/v2.15/bin/bin/../../lib/gcc/pic32c/6.2.1/../../../../pic32c/lib\libc.a(lib_a-mlock.o)
 .comment       0x0000003c       0x3d c:/program files (x86)/microchip/xc32/v2.15/bin/bin/../../lib/gcc/pic32c/6.2.1/../../../../pic32c/lib\libc.a(lib_a-sbrkr.o)
 .comment       0x0000003c       0x3d c:/program files (x86)/microchip/xc32/v2.15/bin/bin/../../lib/gcc/pic32c/6.2.1/../../../../pic32c/lib\libc.a(lib_a-sprintf.o)
 .comment       0x0000003c       0x3d c:/program files (x86)/microchip/xc32/v2.15/bin/bin/../../lib/gcc/pic32c/6.2.1/../../../../pic32c/lib\libc.a(lib_a-strchr.o)
 .comment       0x0000003c       0x3d c:/program files (x86)/microchip/xc32/v2.15/bin/bin/../../lib/gcc/pic32c/6.2.1/../../../../pic32c/lib\libc.a(lib_a-strcpy.o)
 .comment       0x0000003c       0x3d c:/program files (x86)/microchip/xc32/v2.15/bin/bin/../../lib/gcc/pic32c/6.2.1/../../../../pic32c/lib\libc.a(lib_a-strlen-stub.o)
 .comment       0x0000003c       0x3d c:/program files (x86)/microchip/xc32/v2.15/bin/bin/../../lib/gcc/pic32c/6.2.1/../../../../pic32c/lib\libc.a(lib_a-strstr.o)
 .comment       0x0000003c       0x3d c:/program files (x86)/microchip/xc32/v2.15/bin/bin/../../lib/gcc/pic32c/6.2.1/../../../../pic32c/lib\libc.a(lib_a-svfprintf.o)
 .comment       0x0000003c       0x3d c:/program files (x86)/microchip/xc32/v2.15/bin/bin/../../lib/gcc/pic32c/6.2.1/../../../../pic32c/lib\libc.a(lib_a-vsnprintf.o)
 .comment       0x0000003c       0x3d c:/program files (x86)/microchip/xc32/v2.15/bin/bin/../../lib/gcc/pic32c/6.2.1/../../../../pic32c/lib\libc.a(lib_a-__call_atexit.o)
 .comment       0x0000003c       0x3d c:/program files (x86)/microchip/xc32/v2.15/bin/bin/../../lib/gcc/pic32c/6.2.1/../../../../pic32c/lib\libc.a(lib_a-atexit.o)
 .comment       0x0000003c       0x3d c:/program files (x86)/microchip/xc32/v2.15/bin/bin/../../lib/gcc/pic32c/6.2.1/../../../../pic32c/lib\libc.a(lib_a-dtoa.o)
 .comment       0x0000003c       0x3d c:/program files (x86)/microchip/xc32/v2.15/bin/bin/../../lib/gcc/pic32c/6.2.1/../../../../pic32c/lib\libc.a(lib_a-fini.o)
 .comment       0x0000003c       0x3d c:/program files (x86)/microchip/xc32/v2.15/bin/bin/../../lib/gcc/pic32c/6.2.1/../../../../pic32c/lib\libc.a(lib_a-freer.o)
 .comment       0x0000003c       0x3d c:/program files (x86)/microchip/xc32/v2.15/bin/bin/../../lib/gcc/pic32c/6.2.1/../../../../pic32c/lib\libc.a(lib_a-localeconv.o)
 .comment       0x0000003c       0x3d c:/program files (x86)/microchip/xc32/v2.15/bin/bin/../../lib/gcc/pic32c/6.2.1/../../../../pic32c/lib\libc.a(lib_a-memchr-stub.o)
 .comment       0x0000003c       0x3d c:/program files (x86)/microchip/xc32/v2.15/bin/bin/../../lib/gcc/pic32c/6.2.1/../../../../pic32c/lib\libc.a(lib_a-memcmp.o)
 .comment       0x0000003c       0x3d c:/program files (x86)/microchip/xc32/v2.15/bin/bin/../../lib/gcc/pic32c/6.2.1/../../../../pic32c/lib\libc.a(lib_a-mprec.o)
 .comment       0x0000003c       0x3d c:/program files (x86)/microchip/xc32/v2.15/bin/bin/../../lib/gcc/pic32c/6.2.1/../../../../pic32c/lib\libc.a(lib_a-reent.o)
 .comment       0x0000003c       0x3d c:/program files (x86)/microchip/xc32/v2.15/bin/bin/../../lib/gcc/pic32c/6.2.1/../../../../pic32c/lib\libc.a(lib_a-s_frexp.o)
 .comment       0x0000003c       0x3d c:/program files (x86)/microchip/xc32/v2.15/bin/bin/../../lib/gcc/pic32c/6.2.1/../../../../pic32c/lib\libc.a(lib_a-strncpy.o)
 .comment       0x0000003c       0x3d c:/program files (x86)/microchip/xc32/v2.15/bin/bin/../../lib/gcc/pic32c/6.2.1/../../../../pic32c/lib\libc.a(lib_a-svfiprintf.o)
 .comment       0x0000003c       0x3d c:/program files (x86)/microchip/xc32/v2.15/bin/bin/../../lib/gcc/pic32c/6.2.1/../../../../pic32c/lib\libc.a(lib_a-__atexit.o)
 .comment       0x0000003c       0x3d c:/program files (x86)/microchip/xc32/v2.15/bin/bin/../../lib/gcc/pic32c/6.2.1/../../../../pic32c/lib\libc.a(lib_a-callocr.o)
 .comment       0x0000003c       0x3d c:/program files (x86)/microchip/xc32/v2.15/bin/bin/../../lib/gcc/pic32c/6.2.1/../../../../pic32c/lib\libc.a(lib_a-locale.o)
 .comment       0x0000003c       0x3d c:/program files (x86)/microchip/xc32/v2.15/bin/bin/../../lib/gcc/pic32c/6.2.1/../../../../pic32c/lib\libc.a(lib_a-mbtowc_r.o)
 .comment       0x0000003c       0x3d c:/program files (x86)/microchip/xc32/v2.15/bin/bin/../../lib/gcc/pic32c/6.2.1/../../../../pic32c/lib\libc.a(lib_a-memmove.o)
 .comment       0x0000003c       0x3d c:/program files (x86)/microchip/xc32/v2.15/bin/bin/../../lib/gcc/pic32c/6.2.1/../../../../pic32c/lib\libc.a(lib_a-reallocr.o)
 .comment       0x0000003c       0x3d c:/program files (x86)/microchip/xc32/v2.15/bin/bin/../../lib/gcc/pic32c/6.2.1/../../../../pic32c/lib\libc.a(lib_a-wctomb_r.o)
 .comment       0x0000003c       0x3d c:/program files (x86)/microchip/xc32/v2.15/bin/bin/../../lib/gcc/pic32c/6.2.1/../../../../pic32c/lib\libc.a(lib_a-ctype_.o)
 .comment       0x0000003c       0x3d c:/program files (x86)/microchip/xc32/v2.15/bin/bin/../../lib/gcc/pic32c/6.2.1/../../../../pic32c/lib\libpic32c.a(sbrk.o)
 .comment       0x0000003c       0x3d c:/program files (x86)/microchip/xc32/v2.15/bin/bin/../../lib/gcc/pic32c/6.2.1\libgcc.a(adddf3.o)
 .comment       0x0000003c       0x3d c:/program files (x86)/microchip/xc32/v2.15/bin/bin/../../lib/gcc/pic32c/6.2.1\libgcc.a(unorddf2.o)
 .comment       0x0000003c       0x3d c:/program files (x86)/microchip/xc32/v2.15/bin/bin/../../lib/gcc/pic32c/6.2.1\libgcc.a(floatsidf.o)

.debug_info     0x00000000    0x76135
 .debug_info    0x00000000     0x154f build/sam_d21_xpro_winc1500/production/_ext/1242531425/plib_sercom3_usart.o
 .debug_info    0x0000154f      0x2da build/sam_d21_xpro_winc1500/production/_ext/1910849038/plib_evsys.o
 .debug_info    0x00001829     0x12d6 build/sam_d21_xpro_winc1500/production/_ext/98527899/plib_sercom0_spi.o
 .debug_info    0x00002aff     0x5826 build/sam_d21_xpro_winc1500/production/_ext/2003669979/wdrv_winc.o
 .debug_info    0x00008325     0x12de build/sam_d21_xpro_winc1500/production/_ext/1115528141/wdrv_winc_gpio.o
 .debug_info    0x00009603     0x1e2e build/sam_d21_xpro_winc1500/production/_ext/1837088568/wdrv_winc_spi.o
 .debug_info    0x0000b431     0x10b7 build/sam_d21_xpro_winc1500/production/_ext/1879120711/wdrv_winc_osal.o
 .debug_info    0x0000c4e8     0x114d build/sam_d21_xpro_winc1500/production/_ext/418110372/nm_common.o
 .debug_info    0x0000d635     0x22d5 build/sam_d21_xpro_winc1500/production/_ext/386821479/m2m_hif.o
 .debug_info    0x0000f90a     0x799b build/sam_d21_xpro_winc1500/production/_ext/386821479/m2m_wifi.o
 .debug_info    0x000172a5     0x221a build/sam_d21_xpro_winc1500/production/_ext/386821479/nmasic.o
 .debug_info    0x000194bf     0x170c build/sam_d21_xpro_winc1500/production/_ext/386821479/nmbus.o
 .debug_info    0x0001abcb     0x194e build/sam_d21_xpro_winc1500/production/_ext/386821479/nmdrv.o
 .debug_info    0x0001c519     0x2423 build/sam_d21_xpro_winc1500/production/_ext/386821479/nmspi.o
 .debug_info    0x0001e93c     0x215f build/sam_d21_xpro_winc1500/production/_ext/1591721076/spi_flash.o
 .debug_info    0x00020a9b     0x368f build/sam_d21_xpro_winc1500/production/_ext/39655908/socket.o
 .debug_info    0x0002412a      0xfe5 build/sam_d21_xpro_winc1500/production/_ext/1360937237/main.o
 .debug_info    0x0002510f     0x3ecd build/sam_d21_xpro_winc1500/production/_ext/281389274/initialization.o
 .debug_info    0x00028fdc     0x15f1 build/sam_d21_xpro_winc1500/production/_ext/281389274/interrupts.o
 .debug_info    0x0002a5cd      0xffd build/sam_d21_xpro_winc1500/production/_ext/281389274/exceptions.o
 .debug_info    0x0002b5ca      0x78d build/sam_d21_xpro_winc1500/production/_ext/215775307/plib_port.o
 .debug_info    0x0002bd57      0xac3 build/sam_d21_xpro_winc1500/production/_ext/1912998524/plib_clock.o
 .debug_info    0x0002c81a      0x8eb build/sam_d21_xpro_winc1500/production/_ext/215722156/plib_nvic.o
 .debug_info    0x0002d105     0x1797 build/sam_d21_xpro_winc1500/production/_ext/215415349/plib_dmac.o
 .debug_info    0x0002e89c     0x118c build/sam_d21_xpro_winc1500/production/_ext/281389274/startup_xc32.o
 .debug_info    0x0002fa28      0x66c build/sam_d21_xpro_winc1500/production/_ext/1101428939/plib_eic.o
 .debug_info    0x00030094      0xb4b build/sam_d21_xpro_winc1500/production/_ext/1143908167/plib_tc3.o
 .debug_info    0x00030bdf     0x31ce build/sam_d21_xpro_winc1500/production/_ext/1751631207/sys_time.o
 .debug_info    0x00033dad     0x192c build/sam_d21_xpro_winc1500/production/_ext/2114417963/sys_console.o
 .debug_info    0x000356d9     0x2b35 build/sam_d21_xpro_winc1500/production/_ext/2114417963/sys_console_uart.o
 .debug_info    0x0003820e     0x1485 build/sam_d21_xpro_winc1500/production/_ext/2114417963/sys_debug.o
 .debug_info    0x00039693     0x44ab build/sam_d21_xpro_winc1500/production/_ext/1062439459/drv_spi.o
 .debug_info    0x0003db3e      0x989 build/sam_d21_xpro_winc1500/production/_ext/720072173/sys_int.o
 .debug_info    0x0003e4c7     0x12ba build/sam_d21_xpro_winc1500/production/_ext/676678561/sys_dma.o
 .debug_info    0x0003f781     0x2dc4 build/sam_d21_xpro_winc1500/production/_ext/1360937237/app.o
 .debug_info    0x00042545      0xffb build/sam_d21_xpro_winc1500/production/_ext/281389274/tasks.o
 .debug_info    0x00043540      0x1ff c:/program files (x86)/microchip/xc32/v2.15/bin/bin/../../lib/gcc/pic32c/6.2.1/../../../../pic32c/lib\libpic32c.a(data_init.o)
 .debug_info    0x0004373f      0x111 c:/program files (x86)/microchip/xc32/v2.15/bin/bin/../../lib/gcc/pic32c/6.2.1\libgcc.a(_udivsi3.o)
 .debug_info    0x00043850      0x111 c:/program files (x86)/microchip/xc32/v2.15/bin/bin/../../lib/gcc/pic32c/6.2.1\libgcc.a(_divsi3.o)
 .debug_info    0x00043961      0x111 c:/program files (x86)/microchip/xc32/v2.15/bin/bin/../../lib/gcc/pic32c/6.2.1\libgcc.a(_dvmd_tls.o)
 .debug_info    0x00043a72      0x111 c:/program files (x86)/microchip/xc32/v2.15/bin/bin/../../lib/gcc/pic32c/6.2.1\libgcc.a(_aeabi_uldivmod.o)
 .debug_info    0x00043b83     0x1ea9 c:/program files (x86)/microchip/xc32/v2.15/bin/bin/../../lib/gcc/pic32c/6.2.1\libgcc.a(_fixunsdfsi.o)
 .debug_info    0x00045a2c     0x1f35 c:/program files (x86)/microchip/xc32/v2.15/bin/bin/../../lib/gcc/pic32c/6.2.1\libgcc.a(_udivmoddi4.o)
 .debug_info    0x00047961      0x5dc c:/program files (x86)/microchip/xc32/v2.15/bin/bin/../../lib/gcc/pic32c/6.2.1\libgcc.a(mulsf3.o)
 .debug_info    0x00047f3d      0x46e c:/program files (x86)/microchip/xc32/v2.15/bin/bin/../../lib/gcc/pic32c/6.2.1\libgcc.a(floatunsisf.o)
 .debug_info    0x000483ab      0x9d5 c:/program files (x86)/microchip/xc32/v2.15/bin/bin/../../lib/gcc/pic32c/6.2.1\libgcc.a(divdf3.o)
 .debug_info    0x00048d80      0xa48 c:/program files (x86)/microchip/xc32/v2.15/bin/bin/../../lib/gcc/pic32c/6.2.1\libgcc.a(muldf3.o)
 .debug_info    0x000497c8      0x7b7 c:/program files (x86)/microchip/xc32/v2.15/bin/bin/../../lib/gcc/pic32c/6.2.1\libgcc.a(subdf3.o)
 .debug_info    0x00049f7f      0x3c3 c:/program files (x86)/microchip/xc32/v2.15/bin/bin/../../lib/gcc/pic32c/6.2.1\libgcc.a(fixdfsi.o)
 .debug_info    0x0004a342      0x4fb c:/program files (x86)/microchip/xc32/v2.15/bin/bin/../../lib/gcc/pic32c/6.2.1\libgcc.a(floatunsidf.o)
 .debug_info    0x0004a83d      0x484 c:/program files (x86)/microchip/xc32/v2.15/bin/bin/../../lib/gcc/pic32c/6.2.1\libgcc.a(extendsfdf2.o)
 .debug_info    0x0004acc1      0x111 c:/program files (x86)/microchip/xc32/v2.15/bin/bin/../../lib/gcc/pic32c/6.2.1\libgcc.a(_arm_cmpdf2.o)
 .debug_info    0x0004add2      0x111 c:/program files (x86)/microchip/xc32/v2.15/bin/bin/../../lib/gcc/pic32c/6.2.1\libgcc.a(_clzsi2.o)
 .debug_info    0x0004aee3      0x111 c:/program files (x86)/microchip/xc32/v2.15/bin/bin/../../lib/gcc/pic32c/6.2.1\libgcc.a(_clzdi2.o)
 .debug_info    0x0004aff4      0x41c c:/program files (x86)/microchip/xc32/v2.15/bin/bin/../../lib/gcc/pic32c/6.2.1\libgcc.a(eqdf2.o)
 .debug_info    0x0004b410      0x442 c:/program files (x86)/microchip/xc32/v2.15/bin/bin/../../lib/gcc/pic32c/6.2.1\libgcc.a(gedf2.o)
 .debug_info    0x0004b852      0x442 c:/program files (x86)/microchip/xc32/v2.15/bin/bin/../../lib/gcc/pic32c/6.2.1\libgcc.a(ledf2.o)
 .debug_info    0x0004bc94      0xd3e c:/program files (x86)/microchip/xc32/v2.15/bin/bin/../../lib/gcc/pic32c/6.2.1/../../../../pic32c/lib\libc.a(lib_a-impure.o)
 .debug_info    0x0004c9d2      0x361 c:/program files (x86)/microchip/xc32/v2.15/bin/bin/../../lib/gcc/pic32c/6.2.1/../../../../pic32c/lib\libc.a(lib_a-init.o)
 .debug_info    0x0004cd33      0xde1 c:/program files (x86)/microchip/xc32/v2.15/bin/bin/../../lib/gcc/pic32c/6.2.1/../../../../pic32c/lib\libc.a(lib_a-malloc.o)
 .debug_info    0x0004db14     0x1497 c:/program files (x86)/microchip/xc32/v2.15/bin/bin/../../lib/gcc/pic32c/6.2.1/../../../../pic32c/lib\libc.a(lib_a-mallocr.o)
 .debug_info    0x0004efab      0xde8 c:/program files (x86)/microchip/xc32/v2.15/bin/bin/../../lib/gcc/pic32c/6.2.1/../../../../pic32c/lib\libc.a(lib_a-memcpy-stub.o)
 .debug_info    0x0004fd93     0x1540 c:/program files (x86)/microchip/xc32/v2.15/bin/bin/../../lib/gcc/pic32c/6.2.1/../../../../pic32c/lib\libc.a(lib_a-memset.o)
 .debug_info    0x000512d3      0xd98 c:/program files (x86)/microchip/xc32/v2.15/bin/bin/../../lib/gcc/pic32c/6.2.1/../../../../pic32c/lib\libc.a(lib_a-mlock.o)
 .debug_info    0x0005206b      0xe2e c:/program files (x86)/microchip/xc32/v2.15/bin/bin/../../lib/gcc/pic32c/6.2.1/../../../../pic32c/lib\libc.a(lib_a-sbrkr.o)
 .debug_info    0x00052e99     0x119c c:/program files (x86)/microchip/xc32/v2.15/bin/bin/../../lib/gcc/pic32c/6.2.1/../../../../pic32c/lib\libc.a(lib_a-sprintf.o)
 .debug_info    0x00054035      0xdb9 c:/program files (x86)/microchip/xc32/v2.15/bin/bin/../../lib/gcc/pic32c/6.2.1/../../../../pic32c/lib\libc.a(lib_a-strchr.o)
 .debug_info    0x00054dee      0xd5a c:/program files (x86)/microchip/xc32/v2.15/bin/bin/../../lib/gcc/pic32c/6.2.1/../../../../pic32c/lib\libc.a(lib_a-strcpy.o)
 .debug_info    0x00055b48      0xd94 c:/program files (x86)/microchip/xc32/v2.15/bin/bin/../../lib/gcc/pic32c/6.2.1/../../../../pic32c/lib\libc.a(lib_a-strlen-stub.o)
 .debug_info    0x000568dc     0x11d9 c:/program files (x86)/microchip/xc32/v2.15/bin/bin/../../lib/gcc/pic32c/6.2.1/../../../../pic32c/lib\libc.a(lib_a-strstr.o)
 .debug_info    0x00057ab5     0x27b2 c:/program files (x86)/microchip/xc32/v2.15/bin/bin/../../lib/gcc/pic32c/6.2.1/../../../../pic32c/lib\libc.a(lib_a-svfprintf.o)
 .debug_info    0x0005a267     0x1213 c:/program files (x86)/microchip/xc32/v2.15/bin/bin/../../lib/gcc/pic32c/6.2.1/../../../../pic32c/lib\libc.a(lib_a-vsnprintf.o)
 .debug_info    0x0005b47a      0xeba c:/program files (x86)/microchip/xc32/v2.15/bin/bin/../../lib/gcc/pic32c/6.2.1/../../../../pic32c/lib\libc.a(lib_a-__call_atexit.o)
 .debug_info    0x0005c334      0xdcf c:/program files (x86)/microchip/xc32/v2.15/bin/bin/../../lib/gcc/pic32c/6.2.1/../../../../pic32c/lib\libc.a(lib_a-atexit.o)
 .debug_info    0x0005d103     0x2086 c:/program files (x86)/microchip/xc32/v2.15/bin/bin/../../lib/gcc/pic32c/6.2.1/../../../../pic32c/lib\libc.a(lib_a-dtoa.o)
 .debug_info    0x0005f189      0x325 c:/program files (x86)/microchip/xc32/v2.15/bin/bin/../../lib/gcc/pic32c/6.2.1/../../../../pic32c/lib\libc.a(lib_a-fini.o)
 .debug_info    0x0005f4ae     0x12fb c:/program files (x86)/microchip/xc32/v2.15/bin/bin/../../lib/gcc/pic32c/6.2.1/../../../../pic32c/lib\libc.a(lib_a-freer.o)
 .debug_info    0x000607a9     0x163c c:/program files (x86)/microchip/xc32/v2.15/bin/bin/../../lib/gcc/pic32c/6.2.1/../../../../pic32c/lib\libc.a(lib_a-localeconv.o)
 .debug_info    0x00061de5      0xdea c:/program files (x86)/microchip/xc32/v2.15/bin/bin/../../lib/gcc/pic32c/6.2.1/../../../../pic32c/lib\libc.a(lib_a-memchr-stub.o)
 .debug_info    0x00062bcf      0xdba c:/program files (x86)/microchip/xc32/v2.15/bin/bin/../../lib/gcc/pic32c/6.2.1/../../../../pic32c/lib\libc.a(lib_a-memcmp.o)
 .debug_info    0x00063989     0x24d1 c:/program files (x86)/microchip/xc32/v2.15/bin/bin/../../lib/gcc/pic32c/6.2.1/../../../../pic32c/lib\libc.a(lib_a-mprec.o)
 .debug_info    0x00065e5a      0xee5 c:/program files (x86)/microchip/xc32/v2.15/bin/bin/../../lib/gcc/pic32c/6.2.1/../../../../pic32c/lib\libc.a(lib_a-reent.o)
 .debug_info    0x00066d3f      0xf10 c:/program files (x86)/microchip/xc32/v2.15/bin/bin/../../lib/gcc/pic32c/6.2.1/../../../../pic32c/lib\libc.a(lib_a-s_frexp.o)
 .debug_info    0x00067c4f      0xdda c:/program files (x86)/microchip/xc32/v2.15/bin/bin/../../lib/gcc/pic32c/6.2.1/../../../../pic32c/lib\libc.a(lib_a-strncpy.o)
 .debug_info    0x00068a29     0x2119 c:/program files (x86)/microchip/xc32/v2.15/bin/bin/../../lib/gcc/pic32c/6.2.1/../../../../pic32c/lib\libc.a(lib_a-svfiprintf.o)
 .debug_info    0x0006ab42      0xe3b c:/program files (x86)/microchip/xc32/v2.15/bin/bin/../../lib/gcc/pic32c/6.2.1/../../../../pic32c/lib\libc.a(lib_a-__atexit.o)
 .debug_info    0x0006b97d     0x119f c:/program files (x86)/microchip/xc32/v2.15/bin/bin/../../lib/gcc/pic32c/6.2.1/../../../../pic32c/lib\libc.a(lib_a-callocr.o)
 .debug_info    0x0006cb1c     0x17d2 c:/program files (x86)/microchip/xc32/v2.15/bin/bin/../../lib/gcc/pic32c/6.2.1/../../../../pic32c/lib\libc.a(lib_a-locale.o)
 .debug_info    0x0006e2ee     0x16ac c:/program files (x86)/microchip/xc32/v2.15/bin/bin/../../lib/gcc/pic32c/6.2.1/../../../../pic32c/lib\libc.a(lib_a-mbtowc_r.o)
 .debug_info    0x0006f99a     0x1562 c:/program files (x86)/microchip/xc32/v2.15/bin/bin/../../lib/gcc/pic32c/6.2.1/../../../../pic32c/lib\libc.a(lib_a-memmove.o)
 .debug_info    0x00070efc     0x1455 c:/program files (x86)/microchip/xc32/v2.15/bin/bin/../../lib/gcc/pic32c/6.2.1/../../../../pic32c/lib\libc.a(lib_a-reallocr.o)
 .debug_info    0x00072351     0x1673 c:/program files (x86)/microchip/xc32/v2.15/bin/bin/../../lib/gcc/pic32c/6.2.1/../../../../pic32c/lib\libc.a(lib_a-wctomb_r.o)
 .debug_info    0x000739c4     0x14c0 c:/program files (x86)/microchip/xc32/v2.15/bin/bin/../../lib/gcc/pic32c/6.2.1/../../../../pic32c/lib\libc.a(lib_a-ctype_.o)
 .debug_info    0x00074e84      0x1e2 c:/program files (x86)/microchip/xc32/v2.15/bin/bin/../../lib/gcc/pic32c/6.2.1/../../../../pic32c/lib\libpic32c.a(sbrk.o)
 .debug_info    0x00075066      0x7ab c:/program files (x86)/microchip/xc32/v2.15/bin/bin/../../lib/gcc/pic32c/6.2.1\libgcc.a(adddf3.o)
 .debug_info    0x00075811      0x41d c:/program files (x86)/microchip/xc32/v2.15/bin/bin/../../lib/gcc/pic32c/6.2.1\libgcc.a(unorddf2.o)
 .debug_info    0x00075c2e      0x507 c:/program files (x86)/microchip/xc32/v2.15/bin/bin/../../lib/gcc/pic32c/6.2.1\libgcc.a(floatsidf.o)

.debug_abbrev   0x00000000     0xc395
 .debug_abbrev  0x00000000      0x324 build/sam_d21_xpro_winc1500/production/_ext/1242531425/plib_sercom3_usart.o
 .debug_abbrev  0x00000324       0x39 build/sam_d21_xpro_winc1500/production/_ext/1910849038/plib_evsys.o
 .debug_abbrev  0x0000035d      0x23b build/sam_d21_xpro_winc1500/production/_ext/98527899/plib_sercom0_spi.o
 .debug_abbrev  0x00000598      0x510 build/sam_d21_xpro_winc1500/production/_ext/2003669979/wdrv_winc.o
 .debug_abbrev  0x00000aa8      0x1c5 build/sam_d21_xpro_winc1500/production/_ext/1115528141/wdrv_winc_gpio.o
 .debug_abbrev  0x00000c6d      0x35a build/sam_d21_xpro_winc1500/production/_ext/1837088568/wdrv_winc_spi.o
 .debug_abbrev  0x00000fc7      0x207 build/sam_d21_xpro_winc1500/production/_ext/1879120711/wdrv_winc_osal.o
 .debug_abbrev  0x000011ce      0x245 build/sam_d21_xpro_winc1500/production/_ext/418110372/nm_common.o
 .debug_abbrev  0x00001413      0x514 build/sam_d21_xpro_winc1500/production/_ext/386821479/m2m_hif.o
 .debug_abbrev  0x00001927      0x496 build/sam_d21_xpro_winc1500/production/_ext/386821479/m2m_wifi.o
 .debug_abbrev  0x00001dbd      0x362 build/sam_d21_xpro_winc1500/production/_ext/386821479/nmasic.o
 .debug_abbrev  0x0000211f      0x2fe build/sam_d21_xpro_winc1500/production/_ext/386821479/nmbus.o
 .debug_abbrev  0x0000241d      0x2ae build/sam_d21_xpro_winc1500/production/_ext/386821479/nmdrv.o
 .debug_abbrev  0x000026cb      0x42c build/sam_d21_xpro_winc1500/production/_ext/386821479/nmspi.o
 .debug_abbrev  0x00002af7      0x3e5 build/sam_d21_xpro_winc1500/production/_ext/1591721076/spi_flash.o
 .debug_abbrev  0x00002edc      0x4ac build/sam_d21_xpro_winc1500/production/_ext/39655908/socket.o
 .debug_abbrev  0x00003388      0x1eb build/sam_d21_xpro_winc1500/production/_ext/1360937237/main.o
 .debug_abbrev  0x00003573      0x293 build/sam_d21_xpro_winc1500/production/_ext/281389274/initialization.o
 .debug_abbrev  0x00003806      0x1cb build/sam_d21_xpro_winc1500/production/_ext/281389274/interrupts.o
 .debug_abbrev  0x000039d1      0x1b1 build/sam_d21_xpro_winc1500/production/_ext/281389274/exceptions.o
 .debug_abbrev  0x00003b82      0x14f build/sam_d21_xpro_winc1500/production/_ext/215775307/plib_port.o
 .debug_abbrev  0x00003cd1       0xe9 build/sam_d21_xpro_winc1500/production/_ext/1912998524/plib_clock.o
 .debug_abbrev  0x00003dba      0x135 build/sam_d21_xpro_winc1500/production/_ext/215722156/plib_nvic.o
 .debug_abbrev  0x00003eef      0x300 build/sam_d21_xpro_winc1500/production/_ext/215415349/plib_dmac.o
 .debug_abbrev  0x000041ef      0x1f6 build/sam_d21_xpro_winc1500/production/_ext/281389274/startup_xc32.o
 .debug_abbrev  0x000043e5      0x186 build/sam_d21_xpro_winc1500/production/_ext/1101428939/plib_eic.o
 .debug_abbrev  0x0000456b      0x1a9 build/sam_d21_xpro_winc1500/production/_ext/1143908167/plib_tc3.o
 .debug_abbrev  0x00004714      0x58d build/sam_d21_xpro_winc1500/production/_ext/1751631207/sys_time.o
 .debug_abbrev  0x00004ca1      0x299 build/sam_d21_xpro_winc1500/production/_ext/2114417963/sys_console.o
 .debug_abbrev  0x00004f3a      0x4f5 build/sam_d21_xpro_winc1500/production/_ext/2114417963/sys_console_uart.o
 .debug_abbrev  0x0000542f      0x2cb build/sam_d21_xpro_winc1500/production/_ext/2114417963/sys_debug.o
 .debug_abbrev  0x000056fa      0x526 build/sam_d21_xpro_winc1500/production/_ext/1062439459/drv_spi.o
 .debug_abbrev  0x00005c20      0x1df build/sam_d21_xpro_winc1500/production/_ext/720072173/sys_int.o
 .debug_abbrev  0x00005dff      0x1fe build/sam_d21_xpro_winc1500/production/_ext/676678561/sys_dma.o
 .debug_abbrev  0x00005ffd      0x34c build/sam_d21_xpro_winc1500/production/_ext/1360937237/app.o
 .debug_abbrev  0x00006349      0x1e2 build/sam_d21_xpro_winc1500/production/_ext/281389274/tasks.o
 .debug_abbrev  0x0000652b       0x2a c:/program files (x86)/microchip/xc32/v2.15/bin/bin/../../lib/gcc/pic32c/6.2.1/../../../../pic32c/lib\libpic32c.a(data_init.o)
 .debug_abbrev  0x00006555       0x14 c:/program files (x86)/microchip/xc32/v2.15/bin/bin/../../lib/gcc/pic32c/6.2.1\libgcc.a(_udivsi3.o)
 .debug_abbrev  0x00006569       0x14 c:/program files (x86)/microchip/xc32/v2.15/bin/bin/../../lib/gcc/pic32c/6.2.1\libgcc.a(_divsi3.o)
 .debug_abbrev  0x0000657d       0x14 c:/program files (x86)/microchip/xc32/v2.15/bin/bin/../../lib/gcc/pic32c/6.2.1\libgcc.a(_dvmd_tls.o)
 .debug_abbrev  0x00006591       0x14 c:/program files (x86)/microchip/xc32/v2.15/bin/bin/../../lib/gcc/pic32c/6.2.1\libgcc.a(_aeabi_uldivmod.o)
 .debug_abbrev  0x000065a5      0x1d3 c:/program files (x86)/microchip/xc32/v2.15/bin/bin/../../lib/gcc/pic32c/6.2.1\libgcc.a(_fixunsdfsi.o)
 .debug_abbrev  0x00006778      0x1f3 c:/program files (x86)/microchip/xc32/v2.15/bin/bin/../../lib/gcc/pic32c/6.2.1\libgcc.a(_udivmoddi4.o)
 .debug_abbrev  0x0000696b      0x13c c:/program files (x86)/microchip/xc32/v2.15/bin/bin/../../lib/gcc/pic32c/6.2.1\libgcc.a(mulsf3.o)
 .debug_abbrev  0x00006aa7      0x12d c:/program files (x86)/microchip/xc32/v2.15/bin/bin/../../lib/gcc/pic32c/6.2.1\libgcc.a(floatunsisf.o)
 .debug_abbrev  0x00006bd4      0x13c c:/program files (x86)/microchip/xc32/v2.15/bin/bin/../../lib/gcc/pic32c/6.2.1\libgcc.a(divdf3.o)
 .debug_abbrev  0x00006d10      0x14a c:/program files (x86)/microchip/xc32/v2.15/bin/bin/../../lib/gcc/pic32c/6.2.1\libgcc.a(muldf3.o)
 .debug_abbrev  0x00006e5a      0x150 c:/program files (x86)/microchip/xc32/v2.15/bin/bin/../../lib/gcc/pic32c/6.2.1\libgcc.a(subdf3.o)
 .debug_abbrev  0x00006faa      0x12c c:/program files (x86)/microchip/xc32/v2.15/bin/bin/../../lib/gcc/pic32c/6.2.1\libgcc.a(fixdfsi.o)
 .debug_abbrev  0x000070d6      0x118 c:/program files (x86)/microchip/xc32/v2.15/bin/bin/../../lib/gcc/pic32c/6.2.1\libgcc.a(floatunsidf.o)
 .debug_abbrev  0x000071ee      0x109 c:/program files (x86)/microchip/xc32/v2.15/bin/bin/../../lib/gcc/pic32c/6.2.1\libgcc.a(extendsfdf2.o)
 .debug_abbrev  0x000072f7       0x14 c:/program files (x86)/microchip/xc32/v2.15/bin/bin/../../lib/gcc/pic32c/6.2.1\libgcc.a(_arm_cmpdf2.o)
 .debug_abbrev  0x0000730b       0x14 c:/program files (x86)/microchip/xc32/v2.15/bin/bin/../../lib/gcc/pic32c/6.2.1\libgcc.a(_clzsi2.o)
 .debug_abbrev  0x0000731f       0x14 c:/program files (x86)/microchip/xc32/v2.15/bin/bin/../../lib/gcc/pic32c/6.2.1\libgcc.a(_clzdi2.o)
 .debug_abbrev  0x00007333      0x128 c:/program files (x86)/microchip/xc32/v2.15/bin/bin/../../lib/gcc/pic32c/6.2.1\libgcc.a(eqdf2.o)
 .debug_abbrev  0x0000745b      0x12a c:/program files (x86)/microchip/xc32/v2.15/bin/bin/../../lib/gcc/pic32c/6.2.1\libgcc.a(gedf2.o)
 .debug_abbrev  0x00007585      0x135 c:/program files (x86)/microchip/xc32/v2.15/bin/bin/../../lib/gcc/pic32c/6.2.1\libgcc.a(ledf2.o)
 .debug_abbrev  0x000076ba      0x176 c:/program files (x86)/microchip/xc32/v2.15/bin/bin/../../lib/gcc/pic32c/6.2.1/../../../../pic32c/lib\libc.a(lib_a-impure.o)
 .debug_abbrev  0x00007830       0xa3 c:/program files (x86)/microchip/xc32/v2.15/bin/bin/../../lib/gcc/pic32c/6.2.1/../../../../pic32c/lib\libc.a(lib_a-init.o)
 .debug_abbrev  0x000078d3      0x1f5 c:/program files (x86)/microchip/xc32/v2.15/bin/bin/../../lib/gcc/pic32c/6.2.1/../../../../pic32c/lib\libc.a(lib_a-malloc.o)
 .debug_abbrev  0x00007ac8      0x2a2 c:/program files (x86)/microchip/xc32/v2.15/bin/bin/../../lib/gcc/pic32c/6.2.1/../../../../pic32c/lib\libc.a(lib_a-mallocr.o)
 .debug_abbrev  0x00007d6a      0x1b2 c:/program files (x86)/microchip/xc32/v2.15/bin/bin/../../lib/gcc/pic32c/6.2.1/../../../../pic32c/lib\libc.a(lib_a-memcpy-stub.o)
 .debug_abbrev  0x00007f1c      0x1b7 c:/program files (x86)/microchip/xc32/v2.15/bin/bin/../../lib/gcc/pic32c/6.2.1/../../../../pic32c/lib\libc.a(lib_a-memset.o)
 .debug_abbrev  0x000080d3      0x1b9 c:/program files (x86)/microchip/xc32/v2.15/bin/bin/../../lib/gcc/pic32c/6.2.1/../../../../pic32c/lib\libc.a(lib_a-mlock.o)
 .debug_abbrev  0x0000828c      0x1ed c:/program files (x86)/microchip/xc32/v2.15/bin/bin/../../lib/gcc/pic32c/6.2.1/../../../../pic32c/lib\libc.a(lib_a-sbrkr.o)
 .debug_abbrev  0x00008479      0x22f c:/program files (x86)/microchip/xc32/v2.15/bin/bin/../../lib/gcc/pic32c/6.2.1/../../../../pic32c/lib\libc.a(lib_a-sprintf.o)
 .debug_abbrev  0x000086a8      0x19e c:/program files (x86)/microchip/xc32/v2.15/bin/bin/../../lib/gcc/pic32c/6.2.1/../../../../pic32c/lib\libc.a(lib_a-strchr.o)
 .debug_abbrev  0x00008846      0x19c c:/program files (x86)/microchip/xc32/v2.15/bin/bin/../../lib/gcc/pic32c/6.2.1/../../../../pic32c/lib\libc.a(lib_a-strcpy.o)
 .debug_abbrev  0x000089e2      0x19e c:/program files (x86)/microchip/xc32/v2.15/bin/bin/../../lib/gcc/pic32c/6.2.1/../../../../pic32c/lib\libc.a(lib_a-strlen-stub.o)
 .debug_abbrev  0x00008b80      0x2e8 c:/program files (x86)/microchip/xc32/v2.15/bin/bin/../../lib/gcc/pic32c/6.2.1/../../../../pic32c/lib\libc.a(lib_a-strstr.o)
 .debug_abbrev  0x00008e68      0x312 c:/program files (x86)/microchip/xc32/v2.15/bin/bin/../../lib/gcc/pic32c/6.2.1/../../../../pic32c/lib\libc.a(lib_a-svfprintf.o)
 .debug_abbrev  0x0000917a      0x22f c:/program files (x86)/microchip/xc32/v2.15/bin/bin/../../lib/gcc/pic32c/6.2.1/../../../../pic32c/lib\libc.a(lib_a-vsnprintf.o)
 .debug_abbrev  0x000093a9      0x23f c:/program files (x86)/microchip/xc32/v2.15/bin/bin/../../lib/gcc/pic32c/6.2.1/../../../../pic32c/lib\libc.a(lib_a-__call_atexit.o)
 .debug_abbrev  0x000095e8      0x1e3 c:/program files (x86)/microchip/xc32/v2.15/bin/bin/../../lib/gcc/pic32c/6.2.1/../../../../pic32c/lib\libc.a(lib_a-atexit.o)
 .debug_abbrev  0x000097cb      0x296 c:/program files (x86)/microchip/xc32/v2.15/bin/bin/../../lib/gcc/pic32c/6.2.1/../../../../pic32c/lib\libc.a(lib_a-dtoa.o)
 .debug_abbrev  0x00009a61       0xa3 c:/program files (x86)/microchip/xc32/v2.15/bin/bin/../../lib/gcc/pic32c/6.2.1/../../../../pic32c/lib\libc.a(lib_a-fini.o)
 .debug_abbrev  0x00009b04      0x23f c:/program files (x86)/microchip/xc32/v2.15/bin/bin/../../lib/gcc/pic32c/6.2.1/../../../../pic32c/lib\libc.a(lib_a-freer.o)
 .debug_abbrev  0x00009d43      0x241 c:/program files (x86)/microchip/xc32/v2.15/bin/bin/../../lib/gcc/pic32c/6.2.1/../../../../pic32c/lib\libc.a(lib_a-localeconv.o)
 .debug_abbrev  0x00009f84      0x1a3 c:/program files (x86)/microchip/xc32/v2.15/bin/bin/../../lib/gcc/pic32c/6.2.1/../../../../pic32c/lib\libc.a(lib_a-memchr-stub.o)
 .debug_abbrev  0x0000a127      0x1a3 c:/program files (x86)/microchip/xc32/v2.15/bin/bin/../../lib/gcc/pic32c/6.2.1/../../../../pic32c/lib\libc.a(lib_a-memcmp.o)
 .debug_abbrev  0x0000a2ca      0x42d c:/program files (x86)/microchip/xc32/v2.15/bin/bin/../../lib/gcc/pic32c/6.2.1/../../../../pic32c/lib\libc.a(lib_a-mprec.o)
 .debug_abbrev  0x0000a6f7      0x231 c:/program files (x86)/microchip/xc32/v2.15/bin/bin/../../lib/gcc/pic32c/6.2.1/../../../../pic32c/lib\libc.a(lib_a-reent.o)
 .debug_abbrev  0x0000a928      0x1f1 c:/program files (x86)/microchip/xc32/v2.15/bin/bin/../../lib/gcc/pic32c/6.2.1/../../../../pic32c/lib\libc.a(lib_a-s_frexp.o)
 .debug_abbrev  0x0000ab19      0x1ad c:/program files (x86)/microchip/xc32/v2.15/bin/bin/../../lib/gcc/pic32c/6.2.1/../../../../pic32c/lib\libc.a(lib_a-strncpy.o)
 .debug_abbrev  0x0000acc6      0x2c7 c:/program files (x86)/microchip/xc32/v2.15/bin/bin/../../lib/gcc/pic32c/6.2.1/../../../../pic32c/lib\libc.a(lib_a-svfiprintf.o)
 .debug_abbrev  0x0000af8d      0x1f2 c:/program files (x86)/microchip/xc32/v2.15/bin/bin/../../lib/gcc/pic32c/6.2.1/../../../../pic32c/lib\libc.a(lib_a-__atexit.o)
 .debug_abbrev  0x0000b17f      0x203 c:/program files (x86)/microchip/xc32/v2.15/bin/bin/../../lib/gcc/pic32c/6.2.1/../../../../pic32c/lib\libc.a(lib_a-callocr.o)
 .debug_abbrev  0x0000b382      0x2b0 c:/program files (x86)/microchip/xc32/v2.15/bin/bin/../../lib/gcc/pic32c/6.2.1/../../../../pic32c/lib\libc.a(lib_a-locale.o)
 .debug_abbrev  0x0000b632      0x203 c:/program files (x86)/microchip/xc32/v2.15/bin/bin/../../lib/gcc/pic32c/6.2.1/../../../../pic32c/lib\libc.a(lib_a-mbtowc_r.o)
 .debug_abbrev  0x0000b835      0x1bc c:/program files (x86)/microchip/xc32/v2.15/bin/bin/../../lib/gcc/pic32c/6.2.1/../../../../pic32c/lib\libc.a(lib_a-memmove.o)
 .debug_abbrev  0x0000b9f1      0x252 c:/program files (x86)/microchip/xc32/v2.15/bin/bin/../../lib/gcc/pic32c/6.2.1/../../../../pic32c/lib\libc.a(lib_a-reallocr.o)
 .debug_abbrev  0x0000bc43      0x213 c:/program files (x86)/microchip/xc32/v2.15/bin/bin/../../lib/gcc/pic32c/6.2.1/../../../../pic32c/lib\libc.a(lib_a-wctomb_r.o)
 .debug_abbrev  0x0000be56      0x176 c:/program files (x86)/microchip/xc32/v2.15/bin/bin/../../lib/gcc/pic32c/6.2.1/../../../../pic32c/lib\libc.a(lib_a-ctype_.o)
 .debug_abbrev  0x0000bfcc       0x2a c:/program files (x86)/microchip/xc32/v2.15/bin/bin/../../lib/gcc/pic32c/6.2.1/../../../../pic32c/lib\libpic32c.a(sbrk.o)
 .debug_abbrev  0x0000bff6      0x150 c:/program files (x86)/microchip/xc32/v2.15/bin/bin/../../lib/gcc/pic32c/6.2.1\libgcc.a(adddf3.o)
 .debug_abbrev  0x0000c146      0x137 c:/program files (x86)/microchip/xc32/v2.15/bin/bin/../../lib/gcc/pic32c/6.2.1\libgcc.a(unorddf2.o)
 .debug_abbrev  0x0000c27d      0x118 c:/program files (x86)/microchip/xc32/v2.15/bin/bin/../../lib/gcc/pic32c/6.2.1\libgcc.a(floatsidf.o)

.debug_loc      0x00000000    0x2a61f
 .debug_loc     0x00000000      0x462 build/sam_d21_xpro_winc1500/production/_ext/1242531425/plib_sercom3_usart.o
 .debug_loc     0x00000462      0x3fe build/sam_d21_xpro_winc1500/production/_ext/98527899/plib_sercom0_spi.o
 .debug_loc     0x00000860     0x166c build/sam_d21_xpro_winc1500/production/_ext/2003669979/wdrv_winc.o
 .debug_loc     0x00001ecc      0x69b build/sam_d21_xpro_winc1500/production/_ext/1837088568/wdrv_winc_spi.o
 .debug_loc     0x00002567       0x4d build/sam_d21_xpro_winc1500/production/_ext/1879120711/wdrv_winc_osal.o
 .debug_loc     0x000025b4       0x9e build/sam_d21_xpro_winc1500/production/_ext/418110372/nm_common.o
 .debug_loc     0x00002652      0xa70 build/sam_d21_xpro_winc1500/production/_ext/386821479/m2m_hif.o
 .debug_loc     0x000030c2     0x35a6 build/sam_d21_xpro_winc1500/production/_ext/386821479/m2m_wifi.o
 .debug_loc     0x00006668      0xc73 build/sam_d21_xpro_winc1500/production/_ext/386821479/nmasic.o
 .debug_loc     0x000072db      0x604 build/sam_d21_xpro_winc1500/production/_ext/386821479/nmbus.o
 .debug_loc     0x000078df      0x77e build/sam_d21_xpro_winc1500/production/_ext/386821479/nmdrv.o
 .debug_loc     0x0000805d     0x136e build/sam_d21_xpro_winc1500/production/_ext/386821479/nmspi.o
 .debug_loc     0x000093cb      0xbfb build/sam_d21_xpro_winc1500/production/_ext/1591721076/spi_flash.o
 .debug_loc     0x00009fc6     0x1e77 build/sam_d21_xpro_winc1500/production/_ext/39655908/socket.o
 .debug_loc     0x0000be3d       0x20 build/sam_d21_xpro_winc1500/production/_ext/1360937237/main.o
 .debug_loc     0x0000be5d       0x41 build/sam_d21_xpro_winc1500/production/_ext/281389274/initialization.o
 .debug_loc     0x0000be9e       0x84 build/sam_d21_xpro_winc1500/production/_ext/215775307/plib_port.o
 .debug_loc     0x0000bf22      0x14c build/sam_d21_xpro_winc1500/production/_ext/215722156/plib_nvic.o
 .debug_loc     0x0000c06e      0x3c5 build/sam_d21_xpro_winc1500/production/_ext/215415349/plib_dmac.o
 .debug_loc     0x0000c433       0x20 build/sam_d21_xpro_winc1500/production/_ext/281389274/startup_xc32.o
 .debug_loc     0x0000c453      0x101 build/sam_d21_xpro_winc1500/production/_ext/1101428939/plib_eic.o
 .debug_loc     0x0000c554       0x33 build/sam_d21_xpro_winc1500/production/_ext/1143908167/plib_tc3.o
 .debug_loc     0x0000c587     0x2042 build/sam_d21_xpro_winc1500/production/_ext/1751631207/sys_time.o
 .debug_loc     0x0000e5c9      0x652 build/sam_d21_xpro_winc1500/production/_ext/2114417963/sys_console.o
 .debug_loc     0x0000ec1b      0xa8f build/sam_d21_xpro_winc1500/production/_ext/2114417963/sys_console_uart.o
 .debug_loc     0x0000f6aa      0x151 build/sam_d21_xpro_winc1500/production/_ext/2114417963/sys_debug.o
 .debug_loc     0x0000f7fb     0x1bcb build/sam_d21_xpro_winc1500/production/_ext/1062439459/drv_spi.o
 .debug_loc     0x000113c6       0xfc build/sam_d21_xpro_winc1500/production/_ext/720072173/sys_int.o
 .debug_loc     0x000114c2      0x164 build/sam_d21_xpro_winc1500/production/_ext/676678561/sys_dma.o
 .debug_loc     0x00011626      0x638 build/sam_d21_xpro_winc1500/production/_ext/1360937237/app.o
 .debug_loc     0x00011c5e       0x20 build/sam_d21_xpro_winc1500/production/_ext/281389274/tasks.o
 .debug_loc     0x00011c7e       0x14 c:/program files (x86)/microchip/xc32/v2.15/bin/bin/../../lib/gcc/pic32c/6.2.1/../../../../pic32c/lib\libpic32c.a(data_init.o)
 .debug_loc     0x00011c92       0x49 c:/program files (x86)/microchip/xc32/v2.15/bin/bin/../../lib/gcc/pic32c/6.2.1\libgcc.a(_fixunsdfsi.o)
 .debug_loc     0x00011cdb      0x3c9 c:/program files (x86)/microchip/xc32/v2.15/bin/bin/../../lib/gcc/pic32c/6.2.1\libgcc.a(_udivmoddi4.o)
 .debug_loc     0x000120a4      0x7fe c:/program files (x86)/microchip/xc32/v2.15/bin/bin/../../lib/gcc/pic32c/6.2.1\libgcc.a(mulsf3.o)
 .debug_loc     0x000128a2      0x241 c:/program files (x86)/microchip/xc32/v2.15/bin/bin/../../lib/gcc/pic32c/6.2.1\libgcc.a(floatunsisf.o)
 .debug_loc     0x00012ae3     0x20ed c:/program files (x86)/microchip/xc32/v2.15/bin/bin/../../lib/gcc/pic32c/6.2.1\libgcc.a(divdf3.o)
 .debug_loc     0x00014bd0     0x1256 c:/program files (x86)/microchip/xc32/v2.15/bin/bin/../../lib/gcc/pic32c/6.2.1\libgcc.a(muldf3.o)
 .debug_loc     0x00015e26     0x176b c:/program files (x86)/microchip/xc32/v2.15/bin/bin/../../lib/gcc/pic32c/6.2.1\libgcc.a(subdf3.o)
 .debug_loc     0x00017591      0x116 c:/program files (x86)/microchip/xc32/v2.15/bin/bin/../../lib/gcc/pic32c/6.2.1\libgcc.a(fixdfsi.o)
 .debug_loc     0x000176a7      0x212 c:/program files (x86)/microchip/xc32/v2.15/bin/bin/../../lib/gcc/pic32c/6.2.1\libgcc.a(floatunsidf.o)
 .debug_loc     0x000178b9      0x2b5 c:/program files (x86)/microchip/xc32/v2.15/bin/bin/../../lib/gcc/pic32c/6.2.1\libgcc.a(extendsfdf2.o)
 .debug_loc     0x00017b6e      0x18a c:/program files (x86)/microchip/xc32/v2.15/bin/bin/../../lib/gcc/pic32c/6.2.1\libgcc.a(eqdf2.o)
 .debug_loc     0x00017cf8      0x340 c:/program files (x86)/microchip/xc32/v2.15/bin/bin/../../lib/gcc/pic32c/6.2.1\libgcc.a(gedf2.o)
 .debug_loc     0x00018038      0x330 c:/program files (x86)/microchip/xc32/v2.15/bin/bin/../../lib/gcc/pic32c/6.2.1\libgcc.a(ledf2.o)
 .debug_loc     0x00018368       0xa4 c:/program files (x86)/microchip/xc32/v2.15/bin/bin/../../lib/gcc/pic32c/6.2.1/../../../../pic32c/lib\libc.a(lib_a-init.o)
 .debug_loc     0x0001840c       0x98 c:/program files (x86)/microchip/xc32/v2.15/bin/bin/../../lib/gcc/pic32c/6.2.1/../../../../pic32c/lib\libc.a(lib_a-malloc.o)
 .debug_loc     0x000184a4      0xc55 c:/program files (x86)/microchip/xc32/v2.15/bin/bin/../../lib/gcc/pic32c/6.2.1/../../../../pic32c/lib\libc.a(lib_a-mallocr.o)
 .debug_loc     0x000190f9      0x2e0 c:/program files (x86)/microchip/xc32/v2.15/bin/bin/../../lib/gcc/pic32c/6.2.1/../../../../pic32c/lib\libc.a(lib_a-memcpy-stub.o)
 .debug_loc     0x000193d9      0x1c4 c:/program files (x86)/microchip/xc32/v2.15/bin/bin/../../lib/gcc/pic32c/6.2.1/../../../../pic32c/lib\libc.a(lib_a-memset.o)
 .debug_loc     0x0001959d       0x78 c:/program files (x86)/microchip/xc32/v2.15/bin/bin/../../lib/gcc/pic32c/6.2.1/../../../../pic32c/lib\libc.a(lib_a-sbrkr.o)
 .debug_loc     0x00019615       0xfa c:/program files (x86)/microchip/xc32/v2.15/bin/bin/../../lib/gcc/pic32c/6.2.1/../../../../pic32c/lib\libc.a(lib_a-sprintf.o)
 .debug_loc     0x0001970f      0x194 c:/program files (x86)/microchip/xc32/v2.15/bin/bin/../../lib/gcc/pic32c/6.2.1/../../../../pic32c/lib\libc.a(lib_a-strchr.o)
 .debug_loc     0x000198a3       0x21 c:/program files (x86)/microchip/xc32/v2.15/bin/bin/../../lib/gcc/pic32c/6.2.1/../../../../pic32c/lib\libc.a(lib_a-strcpy.o)
 .debug_loc     0x000198c4       0xde c:/program files (x86)/microchip/xc32/v2.15/bin/bin/../../lib/gcc/pic32c/6.2.1/../../../../pic32c/lib\libc.a(lib_a-strlen-stub.o)
 .debug_loc     0x000199a2      0xe71 c:/program files (x86)/microchip/xc32/v2.15/bin/bin/../../lib/gcc/pic32c/6.2.1/../../../../pic32c/lib\libc.a(lib_a-strstr.o)
 .debug_loc     0x0001a813     0x4acf c:/program files (x86)/microchip/xc32/v2.15/bin/bin/../../lib/gcc/pic32c/6.2.1/../../../../pic32c/lib\libc.a(lib_a-svfprintf.o)
 .debug_loc     0x0001f2e2      0x291 c:/program files (x86)/microchip/xc32/v2.15/bin/bin/../../lib/gcc/pic32c/6.2.1/../../../../pic32c/lib\libc.a(lib_a-vsnprintf.o)
 .debug_loc     0x0001f573      0x22b c:/program files (x86)/microchip/xc32/v2.15/bin/bin/../../lib/gcc/pic32c/6.2.1/../../../../pic32c/lib\libc.a(lib_a-__call_atexit.o)
 .debug_loc     0x0001f79e       0x4c c:/program files (x86)/microchip/xc32/v2.15/bin/bin/../../lib/gcc/pic32c/6.2.1/../../../../pic32c/lib\libc.a(lib_a-atexit.o)
 .debug_loc     0x0001f7ea     0x2e62 c:/program files (x86)/microchip/xc32/v2.15/bin/bin/../../lib/gcc/pic32c/6.2.1/../../../../pic32c/lib\libc.a(lib_a-dtoa.o)
 .debug_loc     0x0002264c       0x5e c:/program files (x86)/microchip/xc32/v2.15/bin/bin/../../lib/gcc/pic32c/6.2.1/../../../../pic32c/lib\libc.a(lib_a-fini.o)
 .debug_loc     0x000226aa      0x526 c:/program files (x86)/microchip/xc32/v2.15/bin/bin/../../lib/gcc/pic32c/6.2.1/../../../../pic32c/lib\libc.a(lib_a-freer.o)
 .debug_loc     0x00022bd0       0x63 c:/program files (x86)/microchip/xc32/v2.15/bin/bin/../../lib/gcc/pic32c/6.2.1/../../../../pic32c/lib\libc.a(lib_a-localeconv.o)
 .debug_loc     0x00022c33      0x192 c:/program files (x86)/microchip/xc32/v2.15/bin/bin/../../lib/gcc/pic32c/6.2.1/../../../../pic32c/lib\libc.a(lib_a-memchr-stub.o)
 .debug_loc     0x00022dc5      0x10d c:/program files (x86)/microchip/xc32/v2.15/bin/bin/../../lib/gcc/pic32c/6.2.1/../../../../pic32c/lib\libc.a(lib_a-memcmp.o)
 .debug_loc     0x00022ed2     0x204c c:/program files (x86)/microchip/xc32/v2.15/bin/bin/../../lib/gcc/pic32c/6.2.1/../../../../pic32c/lib\libc.a(lib_a-mprec.o)
 .debug_loc     0x00024f1e      0x13c c:/program files (x86)/microchip/xc32/v2.15/bin/bin/../../lib/gcc/pic32c/6.2.1/../../../../pic32c/lib\libc.a(lib_a-reent.o)
 .debug_loc     0x0002505a      0x12d c:/program files (x86)/microchip/xc32/v2.15/bin/bin/../../lib/gcc/pic32c/6.2.1/../../../../pic32c/lib\libc.a(lib_a-s_frexp.o)
 .debug_loc     0x00025187      0x1be c:/program files (x86)/microchip/xc32/v2.15/bin/bin/../../lib/gcc/pic32c/6.2.1/../../../../pic32c/lib\libc.a(lib_a-strncpy.o)
 .debug_loc     0x00025345     0x1e36 c:/program files (x86)/microchip/xc32/v2.15/bin/bin/../../lib/gcc/pic32c/6.2.1/../../../../pic32c/lib\libc.a(lib_a-svfiprintf.o)
 .debug_loc     0x0002717b      0x1f1 c:/program files (x86)/microchip/xc32/v2.15/bin/bin/../../lib/gcc/pic32c/6.2.1/../../../../pic32c/lib\libc.a(lib_a-__atexit.o)
 .debug_loc     0x0002736c      0x246 c:/program files (x86)/microchip/xc32/v2.15/bin/bin/../../lib/gcc/pic32c/6.2.1/../../../../pic32c/lib\libc.a(lib_a-callocr.o)
 .debug_loc     0x000275b2      0x132 c:/program files (x86)/microchip/xc32/v2.15/bin/bin/../../lib/gcc/pic32c/6.2.1/../../../../pic32c/lib\libc.a(lib_a-locale.o)
 .debug_loc     0x000276e4      0x1c5 c:/program files (x86)/microchip/xc32/v2.15/bin/bin/../../lib/gcc/pic32c/6.2.1/../../../../pic32c/lib\libc.a(lib_a-mbtowc_r.o)
 .debug_loc     0x000278a9      0x3d3 c:/program files (x86)/microchip/xc32/v2.15/bin/bin/../../lib/gcc/pic32c/6.2.1/../../../../pic32c/lib\libc.a(lib_a-memmove.o)
 .debug_loc     0x00027c7c      0xf59 c:/program files (x86)/microchip/xc32/v2.15/bin/bin/../../lib/gcc/pic32c/6.2.1/../../../../pic32c/lib\libc.a(lib_a-reallocr.o)
 .debug_loc     0x00028bd5      0x15d c:/program files (x86)/microchip/xc32/v2.15/bin/bin/../../lib/gcc/pic32c/6.2.1/../../../../pic32c/lib\libc.a(lib_a-wctomb_r.o)
 .debug_loc     0x00028d32     0x15f7 c:/program files (x86)/microchip/xc32/v2.15/bin/bin/../../lib/gcc/pic32c/6.2.1\libgcc.a(adddf3.o)
 .debug_loc     0x0002a329       0xc4 c:/program files (x86)/microchip/xc32/v2.15/bin/bin/../../lib/gcc/pic32c/6.2.1\libgcc.a(unorddf2.o)
 .debug_loc     0x0002a3ed      0x232 c:/program files (x86)/microchip/xc32/v2.15/bin/bin/../../lib/gcc/pic32c/6.2.1\libgcc.a(floatsidf.o)

.debug_aranges  0x00000000     0x17a0
 .debug_aranges
                0x00000000       0x80 build/sam_d21_xpro_winc1500/production/_ext/1242531425/plib_sercom3_usart.o
 .debug_aranges
                0x00000080       0x20 build/sam_d21_xpro_winc1500/production/_ext/1910849038/plib_evsys.o
 .debug_aranges
                0x000000a0       0x58 build/sam_d21_xpro_winc1500/production/_ext/98527899/plib_sercom0_spi.o
 .debug_aranges
                0x000000f8       0xf0 build/sam_d21_xpro_winc1500/production/_ext/2003669979/wdrv_winc.o
 .debug_aranges
                0x000001e8       0x38 build/sam_d21_xpro_winc1500/production/_ext/1115528141/wdrv_winc_gpio.o
 .debug_aranges
                0x00000220       0x50 build/sam_d21_xpro_winc1500/production/_ext/1837088568/wdrv_winc_spi.o
 .debug_aranges
                0x00000270       0x20 build/sam_d21_xpro_winc1500/production/_ext/1879120711/wdrv_winc_osal.o
 .debug_aranges
                0x00000290       0x28 build/sam_d21_xpro_winc1500/production/_ext/418110372/nm_common.o
 .debug_aranges
                0x000002b8       0x80 build/sam_d21_xpro_winc1500/production/_ext/386821479/m2m_hif.o
 .debug_aranges
                0x00000338      0x278 build/sam_d21_xpro_winc1500/production/_ext/386821479/m2m_wifi.o
 .debug_aranges
                0x000005b0       0xc8 build/sam_d21_xpro_winc1500/production/_ext/386821479/nmasic.o
 .debug_aranges
                0x00000678       0x60 build/sam_d21_xpro_winc1500/production/_ext/386821479/nmbus.o
 .debug_aranges
                0x000006d8       0x58 build/sam_d21_xpro_winc1500/production/_ext/386821479/nmdrv.o
 .debug_aranges
                0x00000730       0x80 build/sam_d21_xpro_winc1500/production/_ext/386821479/nmspi.o
 .debug_aranges
                0x000007b0       0x60 build/sam_d21_xpro_winc1500/production/_ext/1591721076/spi_flash.o
 .debug_aranges
                0x00000810       0xc8 build/sam_d21_xpro_winc1500/production/_ext/39655908/socket.o
 .debug_aranges
                0x000008d8       0x20 build/sam_d21_xpro_winc1500/production/_ext/1360937237/main.o
 .debug_aranges
                0x000008f8       0x20 build/sam_d21_xpro_winc1500/production/_ext/281389274/initialization.o
 .debug_aranges
                0x00000918       0x20 build/sam_d21_xpro_winc1500/production/_ext/281389274/interrupts.o
 .debug_aranges
                0x00000938       0x28 build/sam_d21_xpro_winc1500/production/_ext/281389274/exceptions.o
 .debug_aranges
                0x00000960       0x60 build/sam_d21_xpro_winc1500/production/_ext/215775307/plib_port.o
 .debug_aranges
                0x000009c0       0x20 build/sam_d21_xpro_winc1500/production/_ext/1912998524/plib_clock.o
 .debug_aranges
                0x000009e0       0x20 build/sam_d21_xpro_winc1500/production/_ext/215722156/plib_nvic.o
 .debug_aranges
                0x00000a00       0x58 build/sam_d21_xpro_winc1500/production/_ext/215415349/plib_dmac.o
 .debug_aranges
                0x00000a58       0x20 build/sam_d21_xpro_winc1500/production/_ext/281389274/startup_xc32.o
 .debug_aranges
                0x00000a78       0x40 build/sam_d21_xpro_winc1500/production/_ext/1101428939/plib_eic.o
 .debug_aranges
                0x00000ab8       0x70 build/sam_d21_xpro_winc1500/production/_ext/1143908167/plib_tc3.o
 .debug_aranges
                0x00000b28      0x130 build/sam_d21_xpro_winc1500/production/_ext/1751631207/sys_time.o
 .debug_aranges
                0x00000c58       0x50 build/sam_d21_xpro_winc1500/production/_ext/2114417963/sys_console.o
 .debug_aranges
                0x00000ca8       0x78 build/sam_d21_xpro_winc1500/production/_ext/2114417963/sys_console_uart.o
 .debug_aranges
                0x00000d20       0x50 build/sam_d21_xpro_winc1500/production/_ext/2114417963/sys_debug.o
 .debug_aranges
                0x00000d70       0xb0 build/sam_d21_xpro_winc1500/production/_ext/1062439459/drv_spi.o
 .debug_aranges
                0x00000e20       0x40 build/sam_d21_xpro_winc1500/production/_ext/720072173/sys_int.o
 .debug_aranges
                0x00000e60       0x28 build/sam_d21_xpro_winc1500/production/_ext/676678561/sys_dma.o
 .debug_aranges
                0x00000e88       0x48 build/sam_d21_xpro_winc1500/production/_ext/1360937237/app.o
 .debug_aranges
                0x00000ed0       0x20 build/sam_d21_xpro_winc1500/production/_ext/281389274/tasks.o
 .debug_aranges
                0x00000ef0       0x20 c:/program files (x86)/microchip/xc32/v2.15/bin/bin/../../lib/gcc/pic32c/6.2.1/../../../../pic32c/lib\libpic32c.a(data_init.o)
 .debug_aranges
                0x00000f10       0x20 c:/program files (x86)/microchip/xc32/v2.15/bin/bin/../../lib/gcc/pic32c/6.2.1\libgcc.a(_udivsi3.o)
 .debug_aranges
                0x00000f30       0x20 c:/program files (x86)/microchip/xc32/v2.15/bin/bin/../../lib/gcc/pic32c/6.2.1\libgcc.a(_divsi3.o)
 .debug_aranges
                0x00000f50       0x20 c:/program files (x86)/microchip/xc32/v2.15/bin/bin/../../lib/gcc/pic32c/6.2.1\libgcc.a(_dvmd_tls.o)
 .debug_aranges
                0x00000f70       0x20 c:/program files (x86)/microchip/xc32/v2.15/bin/bin/../../lib/gcc/pic32c/6.2.1\libgcc.a(_aeabi_uldivmod.o)
 .debug_aranges
                0x00000f90       0x20 c:/program files (x86)/microchip/xc32/v2.15/bin/bin/../../lib/gcc/pic32c/6.2.1\libgcc.a(_fixunsdfsi.o)
 .debug_aranges
                0x00000fb0       0x20 c:/program files (x86)/microchip/xc32/v2.15/bin/bin/../../lib/gcc/pic32c/6.2.1\libgcc.a(_udivmoddi4.o)
 .debug_aranges
                0x00000fd0       0x20 c:/program files (x86)/microchip/xc32/v2.15/bin/bin/../../lib/gcc/pic32c/6.2.1\libgcc.a(mulsf3.o)
 .debug_aranges
                0x00000ff0       0x20 c:/program files (x86)/microchip/xc32/v2.15/bin/bin/../../lib/gcc/pic32c/6.2.1\libgcc.a(floatunsisf.o)
 .debug_aranges
                0x00001010       0x20 c:/program files (x86)/microchip/xc32/v2.15/bin/bin/../../lib/gcc/pic32c/6.2.1\libgcc.a(divdf3.o)
 .debug_aranges
                0x00001030       0x20 c:/program files (x86)/microchip/xc32/v2.15/bin/bin/../../lib/gcc/pic32c/6.2.1\libgcc.a(muldf3.o)
 .debug_aranges
                0x00001050       0x20 c:/program files (x86)/microchip/xc32/v2.15/bin/bin/../../lib/gcc/pic32c/6.2.1\libgcc.a(subdf3.o)
 .debug_aranges
                0x00001070       0x20 c:/program files (x86)/microchip/xc32/v2.15/bin/bin/../../lib/gcc/pic32c/6.2.1\libgcc.a(fixdfsi.o)
 .debug_aranges
                0x00001090       0x20 c:/program files (x86)/microchip/xc32/v2.15/bin/bin/../../lib/gcc/pic32c/6.2.1\libgcc.a(floatunsidf.o)
 .debug_aranges
                0x000010b0       0x20 c:/program files (x86)/microchip/xc32/v2.15/bin/bin/../../lib/gcc/pic32c/6.2.1\libgcc.a(extendsfdf2.o)
 .debug_aranges
                0x000010d0       0x20 c:/program files (x86)/microchip/xc32/v2.15/bin/bin/../../lib/gcc/pic32c/6.2.1\libgcc.a(_arm_cmpdf2.o)
 .debug_aranges
                0x000010f0       0x20 c:/program files (x86)/microchip/xc32/v2.15/bin/bin/../../lib/gcc/pic32c/6.2.1\libgcc.a(_clzsi2.o)
 .debug_aranges
                0x00001110       0x20 c:/program files (x86)/microchip/xc32/v2.15/bin/bin/../../lib/gcc/pic32c/6.2.1\libgcc.a(_clzdi2.o)
 .debug_aranges
                0x00001130       0x20 c:/program files (x86)/microchip/xc32/v2.15/bin/bin/../../lib/gcc/pic32c/6.2.1\libgcc.a(eqdf2.o)
 .debug_aranges
                0x00001150       0x20 c:/program files (x86)/microchip/xc32/v2.15/bin/bin/../../lib/gcc/pic32c/6.2.1\libgcc.a(gedf2.o)
 .debug_aranges
                0x00001170       0x20 c:/program files (x86)/microchip/xc32/v2.15/bin/bin/../../lib/gcc/pic32c/6.2.1\libgcc.a(ledf2.o)
 .debug_aranges
                0x00001190       0x18 c:/program files (x86)/microchip/xc32/v2.15/bin/bin/../../lib/gcc/pic32c/6.2.1/../../../../pic32c/lib\libc.a(lib_a-impure.o)
 .debug_aranges
                0x000011a8       0x20 c:/program files (x86)/microchip/xc32/v2.15/bin/bin/../../lib/gcc/pic32c/6.2.1/../../../../pic32c/lib\libc.a(lib_a-init.o)
 .debug_aranges
                0x000011c8       0x28 c:/program files (x86)/microchip/xc32/v2.15/bin/bin/../../lib/gcc/pic32c/6.2.1/../../../../pic32c/lib\libc.a(lib_a-malloc.o)
 .debug_aranges
                0x000011f0       0x20 c:/program files (x86)/microchip/xc32/v2.15/bin/bin/../../lib/gcc/pic32c/6.2.1/../../../../pic32c/lib\libc.a(lib_a-mallocr.o)
 .debug_aranges
                0x00001210       0x20 c:/program files (x86)/microchip/xc32/v2.15/bin/bin/../../lib/gcc/pic32c/6.2.1/../../../../pic32c/lib\libc.a(lib_a-memcpy-stub.o)
 .debug_aranges
                0x00001230       0x20 c:/program files (x86)/microchip/xc32/v2.15/bin/bin/../../lib/gcc/pic32c/6.2.1/../../../../pic32c/lib\libc.a(lib_a-memset.o)
 .debug_aranges
                0x00001250       0x20 c:/program files (x86)/microchip/xc32/v2.15/bin/bin/../../lib/gcc/pic32c/6.2.1/../../../../pic32c/lib\libc.a(lib_a-mlock.o)
 .debug_aranges
                0x00001270       0x20 c:/program files (x86)/microchip/xc32/v2.15/bin/bin/../../lib/gcc/pic32c/6.2.1/../../../../pic32c/lib\libc.a(lib_a-sbrkr.o)
 .debug_aranges
                0x00001290       0x28 c:/program files (x86)/microchip/xc32/v2.15/bin/bin/../../lib/gcc/pic32c/6.2.1/../../../../pic32c/lib\libc.a(lib_a-sprintf.o)
 .debug_aranges
                0x000012b8       0x20 c:/program files (x86)/microchip/xc32/v2.15/bin/bin/../../lib/gcc/pic32c/6.2.1/../../../../pic32c/lib\libc.a(lib_a-strchr.o)
 .debug_aranges
                0x000012d8       0x20 c:/program files (x86)/microchip/xc32/v2.15/bin/bin/../../lib/gcc/pic32c/6.2.1/../../../../pic32c/lib\libc.a(lib_a-strcpy.o)
 .debug_aranges
                0x000012f8       0x20 c:/program files (x86)/microchip/xc32/v2.15/bin/bin/../../lib/gcc/pic32c/6.2.1/../../../../pic32c/lib\libc.a(lib_a-strlen-stub.o)
 .debug_aranges
                0x00001318       0x30 c:/program files (x86)/microchip/xc32/v2.15/bin/bin/../../lib/gcc/pic32c/6.2.1/../../../../pic32c/lib\libc.a(lib_a-strstr.o)
 .debug_aranges
                0x00001348       0x20 c:/program files (x86)/microchip/xc32/v2.15/bin/bin/../../lib/gcc/pic32c/6.2.1/../../../../pic32c/lib\libc.a(lib_a-svfprintf.o)
 .debug_aranges
                0x00001368       0x28 c:/program files (x86)/microchip/xc32/v2.15/bin/bin/../../lib/gcc/pic32c/6.2.1/../../../../pic32c/lib\libc.a(lib_a-vsnprintf.o)
 .debug_aranges
                0x00001390       0x28 c:/program files (x86)/microchip/xc32/v2.15/bin/bin/../../lib/gcc/pic32c/6.2.1/../../../../pic32c/lib\libc.a(lib_a-__call_atexit.o)
 .debug_aranges
                0x000013b8       0x20 c:/program files (x86)/microchip/xc32/v2.15/bin/bin/../../lib/gcc/pic32c/6.2.1/../../../../pic32c/lib\libc.a(lib_a-atexit.o)
 .debug_aranges
                0x000013d8       0x28 c:/program files (x86)/microchip/xc32/v2.15/bin/bin/../../lib/gcc/pic32c/6.2.1/../../../../pic32c/lib\libc.a(lib_a-dtoa.o)
 .debug_aranges
                0x00001400       0x20 c:/program files (x86)/microchip/xc32/v2.15/bin/bin/../../lib/gcc/pic32c/6.2.1/../../../../pic32c/lib\libc.a(lib_a-fini.o)
 .debug_aranges
                0x00001420       0x28 c:/program files (x86)/microchip/xc32/v2.15/bin/bin/../../lib/gcc/pic32c/6.2.1/../../../../pic32c/lib\libc.a(lib_a-freer.o)
 .debug_aranges
                0x00001448       0x30 c:/program files (x86)/microchip/xc32/v2.15/bin/bin/../../lib/gcc/pic32c/6.2.1/../../../../pic32c/lib\libc.a(lib_a-localeconv.o)
 .debug_aranges
                0x00001478       0x20 c:/program files (x86)/microchip/xc32/v2.15/bin/bin/../../lib/gcc/pic32c/6.2.1/../../../../pic32c/lib\libc.a(lib_a-memchr-stub.o)
 .debug_aranges
                0x00001498       0x20 c:/program files (x86)/microchip/xc32/v2.15/bin/bin/../../lib/gcc/pic32c/6.2.1/../../../../pic32c/lib\libc.a(lib_a-memcmp.o)
 .debug_aranges
                0x000014b8       0xb0 c:/program files (x86)/microchip/xc32/v2.15/bin/bin/../../lib/gcc/pic32c/6.2.1/../../../../pic32c/lib\libc.a(lib_a-mprec.o)
 .debug_aranges
                0x00001568       0x28 c:/program files (x86)/microchip/xc32/v2.15/bin/bin/../../lib/gcc/pic32c/6.2.1/../../../../pic32c/lib\libc.a(lib_a-reent.o)
 .debug_aranges
                0x00001590       0x20 c:/program files (x86)/microchip/xc32/v2.15/bin/bin/../../lib/gcc/pic32c/6.2.1/../../../../pic32c/lib\libc.a(lib_a-s_frexp.o)
 .debug_aranges
                0x000015b0       0x20 c:/program files (x86)/microchip/xc32/v2.15/bin/bin/../../lib/gcc/pic32c/6.2.1/../../../../pic32c/lib\libc.a(lib_a-strncpy.o)
 .debug_aranges
                0x000015d0       0x28 c:/program files (x86)/microchip/xc32/v2.15/bin/bin/../../lib/gcc/pic32c/6.2.1/../../../../pic32c/lib\libc.a(lib_a-svfiprintf.o)
 .debug_aranges
                0x000015f8       0x20 c:/program files (x86)/microchip/xc32/v2.15/bin/bin/../../lib/gcc/pic32c/6.2.1/../../../../pic32c/lib\libc.a(lib_a-__atexit.o)
 .debug_aranges
                0x00001618       0x20 c:/program files (x86)/microchip/xc32/v2.15/bin/bin/../../lib/gcc/pic32c/6.2.1/../../../../pic32c/lib\libc.a(lib_a-callocr.o)
 .debug_aranges
                0x00001638       0x40 c:/program files (x86)/microchip/xc32/v2.15/bin/bin/../../lib/gcc/pic32c/6.2.1/../../../../pic32c/lib\libc.a(lib_a-locale.o)
 .debug_aranges
                0x00001678       0x28 c:/program files (x86)/microchip/xc32/v2.15/bin/bin/../../lib/gcc/pic32c/6.2.1/../../../../pic32c/lib\libc.a(lib_a-mbtowc_r.o)
 .debug_aranges
                0x000016a0       0x20 c:/program files (x86)/microchip/xc32/v2.15/bin/bin/../../lib/gcc/pic32c/6.2.1/../../../../pic32c/lib\libc.a(lib_a-memmove.o)
 .debug_aranges
                0x000016c0       0x20 c:/program files (x86)/microchip/xc32/v2.15/bin/bin/../../lib/gcc/pic32c/6.2.1/../../../../pic32c/lib\libc.a(lib_a-reallocr.o)
 .debug_aranges
                0x000016e0       0x28 c:/program files (x86)/microchip/xc32/v2.15/bin/bin/../../lib/gcc/pic32c/6.2.1/../../../../pic32c/lib\libc.a(lib_a-wctomb_r.o)
 .debug_aranges
                0x00001708       0x18 c:/program files (x86)/microchip/xc32/v2.15/bin/bin/../../lib/gcc/pic32c/6.2.1/../../../../pic32c/lib\libc.a(lib_a-ctype_.o)
 .debug_aranges
                0x00001720       0x20 c:/program files (x86)/microchip/xc32/v2.15/bin/bin/../../lib/gcc/pic32c/6.2.1/../../../../pic32c/lib\libpic32c.a(sbrk.o)
 .debug_aranges
                0x00001740       0x20 c:/program files (x86)/microchip/xc32/v2.15/bin/bin/../../lib/gcc/pic32c/6.2.1\libgcc.a(adddf3.o)
 .debug_aranges
                0x00001760       0x20 c:/program files (x86)/microchip/xc32/v2.15/bin/bin/../../lib/gcc/pic32c/6.2.1\libgcc.a(unorddf2.o)
 .debug_aranges
                0x00001780       0x20 c:/program files (x86)/microchip/xc32/v2.15/bin/bin/../../lib/gcc/pic32c/6.2.1\libgcc.a(floatsidf.o)

.debug_ranges   0x00000000     0x2590
 .debug_ranges  0x00000000       0x70 build/sam_d21_xpro_winc1500/production/_ext/1242531425/plib_sercom3_usart.o
 .debug_ranges  0x00000070       0x10 build/sam_d21_xpro_winc1500/production/_ext/1910849038/plib_evsys.o
 .debug_ranges  0x00000080       0x48 build/sam_d21_xpro_winc1500/production/_ext/98527899/plib_sercom0_spi.o
 .debug_ranges  0x000000c8      0x128 build/sam_d21_xpro_winc1500/production/_ext/2003669979/wdrv_winc.o
 .debug_ranges  0x000001f0       0x28 build/sam_d21_xpro_winc1500/production/_ext/1115528141/wdrv_winc_gpio.o
 .debug_ranges  0x00000218       0x40 build/sam_d21_xpro_winc1500/production/_ext/1837088568/wdrv_winc_spi.o
 .debug_ranges  0x00000258       0x10 build/sam_d21_xpro_winc1500/production/_ext/1879120711/wdrv_winc_osal.o
 .debug_ranges  0x00000268       0x18 build/sam_d21_xpro_winc1500/production/_ext/418110372/nm_common.o
 .debug_ranges  0x00000280       0xb0 build/sam_d21_xpro_winc1500/production/_ext/386821479/m2m_hif.o
 .debug_ranges  0x00000330      0x350 build/sam_d21_xpro_winc1500/production/_ext/386821479/m2m_wifi.o
 .debug_ranges  0x00000680       0xd0 build/sam_d21_xpro_winc1500/production/_ext/386821479/nmasic.o
 .debug_ranges  0x00000750       0x80 build/sam_d21_xpro_winc1500/production/_ext/386821479/nmbus.o